Archive member included because of file (symbol)

c:/program files (x86)/atmel/atmel toolchain/avr8 gcc/native/3.4.1056/avr8-gnu-toolchain/bin/../lib/gcc/avr/4.8.1/avr5\libgcc.a(_mulsi3.o)
                              fat.o (__mulsi3)
c:/program files (x86)/atmel/atmel toolchain/avr8 gcc/native/3.4.1056/avr8-gnu-toolchain/bin/../lib/gcc/avr/4.8.1/avr5\libgcc.a(_udivmodhi4.o)
                              fat.o (__udivmodhi4)
c:/program files (x86)/atmel/atmel toolchain/avr8 gcc/native/3.4.1056/avr8-gnu-toolchain/bin/../lib/gcc/avr/4.8.1/avr5\libgcc.a(_udivmodsi4.o)
                              fat.o (__udivmodsi4)
c:/program files (x86)/atmel/atmel toolchain/avr8 gcc/native/3.4.1056/avr8-gnu-toolchain/bin/../lib/gcc/avr/4.8.1/avr5\libgcc.a(_divmodsi4.o)
                              tone.o (__divmodsi4)
c:/program files (x86)/atmel/atmel toolchain/avr8 gcc/native/3.4.1056/avr8-gnu-toolchain/bin/../lib/gcc/avr/4.8.1/avr5\libgcc.a(_negsi2.o)
                              c:/program files (x86)/atmel/atmel toolchain/avr8 gcc/native/3.4.1056/avr8-gnu-toolchain/bin/../lib/gcc/avr/4.8.1/avr5\libgcc.a(_divmodsi4.o) (__negsi2)
c:/program files (x86)/atmel/atmel toolchain/avr8 gcc/native/3.4.1056/avr8-gnu-toolchain/bin/../lib/gcc/avr/4.8.1/avr5\libgcc.a(_exit.o)
                              c:/program files (x86)/atmel/atmel toolchain/avr8 gcc/native/3.4.1056/avr8-gnu-toolchain/bin/../lib/gcc/avr/4.8.1/../../../../avr/lib/avr5/crtm328p.o (exit)
c:/program files (x86)/atmel/atmel toolchain/avr8 gcc/native/3.4.1056/avr8-gnu-toolchain/bin/../lib/gcc/avr/4.8.1/avr5\libgcc.a(_tablejump.o)
                              sd_raw.o (__tablejump2__)
c:/program files (x86)/atmel/atmel toolchain/avr8 gcc/native/3.4.1056/avr8-gnu-toolchain/bin/../lib/gcc/avr/4.8.1/avr5\libgcc.a(_copy_data.o)
                              chipcon_v2.o (__do_copy_data)
c:/program files (x86)/atmel/atmel toolchain/avr8 gcc/native/3.4.1056/avr8-gnu-toolchain/bin/../lib/gcc/avr/4.8.1/avr5\libgcc.a(_clear_bss.o)
                              chipcon_vm.o (__do_clear_bss)
c:/program files (x86)/atmel/atmel toolchain/avr8 gcc/native/3.4.1056/avr8-gnu-toolchain/bin/../lib/gcc/avr/4.8.1/avr5\libgcc.a(_umulhisi3.o)
                              fat.o (__umulhisi3)
c:/program files (x86)/atmel/atmel toolchain/avr8 gcc/native/3.4.1056/avr8-gnu-toolchain/bin/../lib/gcc/avr/4.8.1/avr5\libgcc.a(_muluhisi3.o)
                              fat.o (__muluhisi3)
c:/program files (x86)/atmel/atmel toolchain/avr8 gcc/native/3.4.1056/avr8-gnu-toolchain/bin/../lib/gcc/avr/4.8.1/../../../../avr/lib/avr5\libc.a(rand.o)
                              chipcon_vm.o (rand)
c:/program files (x86)/atmel/atmel toolchain/avr8 gcc/native/3.4.1056/avr8-gnu-toolchain/bin/../lib/gcc/avr/4.8.1/../../../../avr/lib/avr5\libc.a(memmove.o)
                              tvout.o (memmove)
c:/program files (x86)/atmel/atmel toolchain/avr8 gcc/native/3.4.1056/avr8-gnu-toolchain/bin/../lib/gcc/avr/4.8.1/../../../../avr/lib/avr5\libc.a(memset.o)
                              tvout.o (memset)
c:/program files (x86)/atmel/atmel toolchain/avr8 gcc/native/3.4.1056/avr8-gnu-toolchain/bin/../lib/gcc/avr/4.8.1/../../../../avr/lib/avr5\libc.a(strchr.o)
                              fat.o (strchr)
c:/program files (x86)/atmel/atmel toolchain/avr8 gcc/native/3.4.1056/avr8-gnu-toolchain/bin/../lib/gcc/avr/4.8.1/../../../../avr/lib/avr5\libc.a(strcmp.o)
                              filesys.o (strcmp)
c:/program files (x86)/atmel/atmel toolchain/avr8 gcc/native/3.4.1056/avr8-gnu-toolchain/bin/../lib/gcc/avr/4.8.1/../../../../avr/lib/avr5\libc.a(strcpy.o)
                              chipcon_v2.o (strcpy)
c:/program files (x86)/atmel/atmel toolchain/avr8 gcc/native/3.4.1056/avr8-gnu-toolchain/bin/../lib/gcc/avr/4.8.1/../../../../avr/lib/avr5\libc.a(strncmp.o)
                              fat.o (strncmp)
c:/program files (x86)/atmel/atmel toolchain/avr8 gcc/native/3.4.1056/avr8-gnu-toolchain/bin/../lib/gcc/avr/4.8.1/../../../../avr/lib/avr5\libc.a(memcpy.o)
                              c:/program files (x86)/atmel/atmel toolchain/avr8 gcc/native/3.4.1056/avr8-gnu-toolchain/bin/../lib/gcc/avr/4.8.1/../../../../avr/lib/avr5\libc.a(memmove.o) (memcpy)
c:/program files (x86)/atmel/atmel toolchain/avr8 gcc/native/3.4.1056/avr8-gnu-toolchain/bin/../lib/gcc/avr/4.8.1/avr5\libgcc.a(_mulshisi3.o)
                              c:/program files (x86)/atmel/atmel toolchain/avr8 gcc/native/3.4.1056/avr8-gnu-toolchain/bin/../lib/gcc/avr/4.8.1/../../../../avr/lib/avr5\libc.a(rand.o) (__mulohisi3)

Discarded input sections

 .bss           0x00000000        0x0 c:/program files (x86)/atmel/atmel toolchain/avr8 gcc/native/3.4.1056/avr8-gnu-toolchain/bin/../lib/gcc/avr/4.8.1/../../../../avr/lib/avr5/crtm328p.o
 .text          0x00000000        0x0 alien.o
 .bss           0x00000000        0x0 alien.o
 .progmem.data.alien_info
                0x00000000        0x1 alien.o
 .text          0x00000000        0x0 blinky.o
 .bss           0x00000000        0x0 blinky.o
 .progmem.data.blinky_info
                0x00000000        0x1 blinky.o
 .text          0x00000000        0x0 byteordering.o
 .bss           0x00000000        0x0 byteordering.o
 .text.write16  0x00000000        0x8 byteordering.o
 .text.write32  0x00000000        0xc byteordering.o
 .text          0x00000000        0x0 car.o
 .bss           0x00000000        0x0 car.o
 .progmem.data.car_info
                0x00000000        0x1 car.o
 .text          0x00000000        0x0 chipcon_v2.o
 .bss           0x00000000        0x0 chipcon_v2.o
 .text          0x00000000        0x0 chipcon_vm.o
 .bss           0x00000000        0x0 chipcon_vm.o
 .text          0x00000000        0x0 fat.o
 .bss           0x00000000        0x0 fat.o
 .text.fat_get_fs_free_16_callback
                0x00000000       0x5a fat.o
 .text.fat_seek_file
                0x00000000       0xa2 fat.o
 .text.fat_get_fs_size
                0x00000000       0x34 fat.o
 .text.fat_get_fs_free
                0x00000000      0x132 fat.o
 .text          0x00000000        0x0 filesys.o
 .bss           0x00000000        0x0 filesys.o
 .text.fs_close_dir
                0x00000000        0xe filesys.o
 .text          0x00000000        0x0 joystick.o
 .bss           0x00000000        0x0 joystick.o
 .text          0x00000000        0x0 lem.o
 .bss           0x00000000        0x0 lem.o
 .progmem.data.lem_info
                0x00000000        0x1 lem.o
 .text          0x00000000        0x0 partition.o
 .bss           0x00000000        0x0 partition.o
 .text          0x00000000        0x0 sd_raw.o
 .bss           0x00000000        0x0 sd_raw.o
 .text.sd_raw_get_info
                0x00000000      0x22a sd_raw.o
 .progmem.gcc_sw_table.sd_raw_get_info
                0x00000000       0x1e sd_raw.o
 .text          0x00000000        0x0 splash.o
 .bss           0x00000000        0x0 splash.o
 .text          0x00000000        0x0 sram.o
 .bss           0x00000000        0x0 sram.o
 .text.sram_rdmode
                0x00000000       0x26 sram.o
 .text          0x00000000        0x0 text.o
 .bss           0x00000000        0x0 text.o
 .text.get_cursor
                0x00000000       0x14 text.o
 .text.print_int
                0x00000000       0xc0 text.o
 .text.cursor_left
                0x00000000       0x52 text.o
 .text          0x00000000        0x0 tone.o
 .bss           0x00000000        0x0 tone.o
 .text          0x00000000        0x0 tvout.o
 .bss           0x00000000        0x0 tvout.o
 .text.scroll_right
                0x00000000       0xc0 tvout.o
 .text.scroll_left
                0x00000000       0x9e tvout.o
 .text          0x00000000        0x0 vm_test.o
 .bss           0x00000000        0x0 vm_test.o
 .progmem.data.test
                0x00000000       0x67 vm_test.o
 .progmem.data.test_info
                0x00000000        0x9 vm_test.o
 .text          0x00000000        0x0 worm.o
 .bss           0x00000000        0x0 worm.o
 .progmem.data.worm_info
                0x00000000        0x1 worm.o
 .text          0x00000000        0x0 c:/program files (x86)/atmel/atmel toolchain/avr8 gcc/native/3.4.1056/avr8-gnu-toolchain/bin/../lib/gcc/avr/4.8.1/avr5\libgcc.a(_mulsi3.o)
 .bss           0x00000000        0x0 c:/program files (x86)/atmel/atmel toolchain/avr8 gcc/native/3.4.1056/avr8-gnu-toolchain/bin/../lib/gcc/avr/4.8.1/avr5\libgcc.a(_mulsi3.o)
 .text.libgcc.div
                0x00000000        0x0 c:/program files (x86)/atmel/atmel toolchain/avr8 gcc/native/3.4.1056/avr8-gnu-toolchain/bin/../lib/gcc/avr/4.8.1/avr5\libgcc.a(_mulsi3.o)
 .text.libgcc   0x00000000        0x0 c:/program files (x86)/atmel/atmel toolchain/avr8 gcc/native/3.4.1056/avr8-gnu-toolchain/bin/../lib/gcc/avr/4.8.1/avr5\libgcc.a(_mulsi3.o)
 .text.libgcc.prologue
                0x00000000        0x0 c:/program files (x86)/atmel/atmel toolchain/avr8 gcc/native/3.4.1056/avr8-gnu-toolchain/bin/../lib/gcc/avr/4.8.1/avr5\libgcc.a(_mulsi3.o)
 .text.libgcc.builtins
                0x00000000        0x0 c:/program files (x86)/atmel/atmel toolchain/avr8 gcc/native/3.4.1056/avr8-gnu-toolchain/bin/../lib/gcc/avr/4.8.1/avr5\libgcc.a(_mulsi3.o)
 .text.libgcc.fmul
                0x00000000        0x0 c:/program files (x86)/atmel/atmel toolchain/avr8 gcc/native/3.4.1056/avr8-gnu-toolchain/bin/../lib/gcc/avr/4.8.1/avr5\libgcc.a(_mulsi3.o)
 .text.libgcc.fixed
                0x00000000        0x0 c:/program files (x86)/atmel/atmel toolchain/avr8 gcc/native/3.4.1056/avr8-gnu-toolchain/bin/../lib/gcc/avr/4.8.1/avr5\libgcc.a(_mulsi3.o)
 .text          0x00000000        0x0 c:/program files (x86)/atmel/atmel toolchain/avr8 gcc/native/3.4.1056/avr8-gnu-toolchain/bin/../lib/gcc/avr/4.8.1/avr5\libgcc.a(_udivmodhi4.o)
 .bss           0x00000000        0x0 c:/program files (x86)/atmel/atmel toolchain/avr8 gcc/native/3.4.1056/avr8-gnu-toolchain/bin/../lib/gcc/avr/4.8.1/avr5\libgcc.a(_udivmodhi4.o)
 .text.libgcc.mul
                0x00000000        0x0 c:/program files (x86)/atmel/atmel toolchain/avr8 gcc/native/3.4.1056/avr8-gnu-toolchain/bin/../lib/gcc/avr/4.8.1/avr5\libgcc.a(_udivmodhi4.o)
 .text.libgcc   0x00000000        0x0 c:/program files (x86)/atmel/atmel toolchain/avr8 gcc/native/3.4.1056/avr8-gnu-toolchain/bin/../lib/gcc/avr/4.8.1/avr5\libgcc.a(_udivmodhi4.o)
 .text.libgcc.prologue
                0x00000000        0x0 c:/program files (x86)/atmel/atmel toolchain/avr8 gcc/native/3.4.1056/avr8-gnu-toolchain/bin/../lib/gcc/avr/4.8.1/avr5\libgcc.a(_udivmodhi4.o)
 .text.libgcc.builtins
                0x00000000        0x0 c:/program files (x86)/atmel/atmel toolchain/avr8 gcc/native/3.4.1056/avr8-gnu-toolchain/bin/../lib/gcc/avr/4.8.1/avr5\libgcc.a(_udivmodhi4.o)
 .text.libgcc.fmul
                0x00000000        0x0 c:/program files (x86)/atmel/atmel toolchain/avr8 gcc/native/3.4.1056/avr8-gnu-toolchain/bin/../lib/gcc/avr/4.8.1/avr5\libgcc.a(_udivmodhi4.o)
 .text.libgcc.fixed
                0x00000000        0x0 c:/program files (x86)/atmel/atmel toolchain/avr8 gcc/native/3.4.1056/avr8-gnu-toolchain/bin/../lib/gcc/avr/4.8.1/avr5\libgcc.a(_udivmodhi4.o)
 .text          0x00000000        0x0 c:/program files (x86)/atmel/atmel toolchain/avr8 gcc/native/3.4.1056/avr8-gnu-toolchain/bin/../lib/gcc/avr/4.8.1/avr5\libgcc.a(_udivmodsi4.o)
 .bss           0x00000000        0x0 c:/program files (x86)/atmel/atmel toolchain/avr8 gcc/native/3.4.1056/avr8-gnu-toolchain/bin/../lib/gcc/avr/4.8.1/avr5\libgcc.a(_udivmodsi4.o)
 .text.libgcc.mul
                0x00000000        0x0 c:/program files (x86)/atmel/atmel toolchain/avr8 gcc/native/3.4.1056/avr8-gnu-toolchain/bin/../lib/gcc/avr/4.8.1/avr5\libgcc.a(_udivmodsi4.o)
 .text.libgcc   0x00000000        0x0 c:/program files (x86)/atmel/atmel toolchain/avr8 gcc/native/3.4.1056/avr8-gnu-toolchain/bin/../lib/gcc/avr/4.8.1/avr5\libgcc.a(_udivmodsi4.o)
 .text.libgcc.prologue
                0x00000000        0x0 c:/program files (x86)/atmel/atmel toolchain/avr8 gcc/native/3.4.1056/avr8-gnu-toolchain/bin/../lib/gcc/avr/4.8.1/avr5\libgcc.a(_udivmodsi4.o)
 .text.libgcc.builtins
                0x00000000        0x0 c:/program files (x86)/atmel/atmel toolchain/avr8 gcc/native/3.4.1056/avr8-gnu-toolchain/bin/../lib/gcc/avr/4.8.1/avr5\libgcc.a(_udivmodsi4.o)
 .text.libgcc.fmul
                0x00000000        0x0 c:/program files (x86)/atmel/atmel toolchain/avr8 gcc/native/3.4.1056/avr8-gnu-toolchain/bin/../lib/gcc/avr/4.8.1/avr5\libgcc.a(_udivmodsi4.o)
 .text.libgcc.fixed
                0x00000000        0x0 c:/program files (x86)/atmel/atmel toolchain/avr8 gcc/native/3.4.1056/avr8-gnu-toolchain/bin/../lib/gcc/avr/4.8.1/avr5\libgcc.a(_udivmodsi4.o)
 .text          0x00000000        0x0 c:/program files (x86)/atmel/atmel toolchain/avr8 gcc/native/3.4.1056/avr8-gnu-toolchain/bin/../lib/gcc/avr/4.8.1/avr5\libgcc.a(_divmodsi4.o)
 .bss           0x00000000        0x0 c:/program files (x86)/atmel/atmel toolchain/avr8 gcc/native/3.4.1056/avr8-gnu-toolchain/bin/../lib/gcc/avr/4.8.1/avr5\libgcc.a(_divmodsi4.o)
 .text.libgcc.mul
                0x00000000        0x0 c:/program files (x86)/atmel/atmel toolchain/avr8 gcc/native/3.4.1056/avr8-gnu-toolchain/bin/../lib/gcc/avr/4.8.1/avr5\libgcc.a(_divmodsi4.o)
 .text.libgcc   0x00000000        0x0 c:/program files (x86)/atmel/atmel toolchain/avr8 gcc/native/3.4.1056/avr8-gnu-toolchain/bin/../lib/gcc/avr/4.8.1/avr5\libgcc.a(_divmodsi4.o)
 .text.libgcc.prologue
                0x00000000        0x0 c:/program files (x86)/atmel/atmel toolchain/avr8 gcc/native/3.4.1056/avr8-gnu-toolchain/bin/../lib/gcc/avr/4.8.1/avr5\libgcc.a(_divmodsi4.o)
 .text.libgcc.builtins
                0x00000000        0x0 c:/program files (x86)/atmel/atmel toolchain/avr8 gcc/native/3.4.1056/avr8-gnu-toolchain/bin/../lib/gcc/avr/4.8.1/avr5\libgcc.a(_divmodsi4.o)
 .text.libgcc.fmul
                0x00000000        0x0 c:/program files (x86)/atmel/atmel toolchain/avr8 gcc/native/3.4.1056/avr8-gnu-toolchain/bin/../lib/gcc/avr/4.8.1/avr5\libgcc.a(_divmodsi4.o)
 .text.libgcc.fixed
                0x00000000        0x0 c:/program files (x86)/atmel/atmel toolchain/avr8 gcc/native/3.4.1056/avr8-gnu-toolchain/bin/../lib/gcc/avr/4.8.1/avr5\libgcc.a(_divmodsi4.o)
 .text          0x00000000        0x0 c:/program files (x86)/atmel/atmel toolchain/avr8 gcc/native/3.4.1056/avr8-gnu-toolchain/bin/../lib/gcc/avr/4.8.1/avr5\libgcc.a(_negsi2.o)
 .bss           0x00000000        0x0 c:/program files (x86)/atmel/atmel toolchain/avr8 gcc/native/3.4.1056/avr8-gnu-toolchain/bin/../lib/gcc/avr/4.8.1/avr5\libgcc.a(_negsi2.o)
 .text.libgcc.mul
                0x00000000        0x0 c:/program files (x86)/atmel/atmel toolchain/avr8 gcc/native/3.4.1056/avr8-gnu-toolchain/bin/../lib/gcc/avr/4.8.1/avr5\libgcc.a(_negsi2.o)
 .text.libgcc   0x00000000        0x0 c:/program files (x86)/atmel/atmel toolchain/avr8 gcc/native/3.4.1056/avr8-gnu-toolchain/bin/../lib/gcc/avr/4.8.1/avr5\libgcc.a(_negsi2.o)
 .text.libgcc.prologue
                0x00000000        0x0 c:/program files (x86)/atmel/atmel toolchain/avr8 gcc/native/3.4.1056/avr8-gnu-toolchain/bin/../lib/gcc/avr/4.8.1/avr5\libgcc.a(_negsi2.o)
 .text.libgcc.builtins
                0x00000000        0x0 c:/program files (x86)/atmel/atmel toolchain/avr8 gcc/native/3.4.1056/avr8-gnu-toolchain/bin/../lib/gcc/avr/4.8.1/avr5\libgcc.a(_negsi2.o)
 .text.libgcc.fmul
                0x00000000        0x0 c:/program files (x86)/atmel/atmel toolchain/avr8 gcc/native/3.4.1056/avr8-gnu-toolchain/bin/../lib/gcc/avr/4.8.1/avr5\libgcc.a(_negsi2.o)
 .text.libgcc.fixed
                0x00000000        0x0 c:/program files (x86)/atmel/atmel toolchain/avr8 gcc/native/3.4.1056/avr8-gnu-toolchain/bin/../lib/gcc/avr/4.8.1/avr5\libgcc.a(_negsi2.o)
 .text          0x00000000        0x0 c:/program files (x86)/atmel/atmel toolchain/avr8 gcc/native/3.4.1056/avr8-gnu-toolchain/bin/../lib/gcc/avr/4.8.1/avr5\libgcc.a(_exit.o)
 .bss           0x00000000        0x0 c:/program files (x86)/atmel/atmel toolchain/avr8 gcc/native/3.4.1056/avr8-gnu-toolchain/bin/../lib/gcc/avr/4.8.1/avr5\libgcc.a(_exit.o)
 .text.libgcc.mul
                0x00000000        0x0 c:/program files (x86)/atmel/atmel toolchain/avr8 gcc/native/3.4.1056/avr8-gnu-toolchain/bin/../lib/gcc/avr/4.8.1/avr5\libgcc.a(_exit.o)
 .text.libgcc.div
                0x00000000        0x0 c:/program files (x86)/atmel/atmel toolchain/avr8 gcc/native/3.4.1056/avr8-gnu-toolchain/bin/../lib/gcc/avr/4.8.1/avr5\libgcc.a(_exit.o)
 .text.libgcc   0x00000000        0x0 c:/program files (x86)/atmel/atmel toolchain/avr8 gcc/native/3.4.1056/avr8-gnu-toolchain/bin/../lib/gcc/avr/4.8.1/avr5\libgcc.a(_exit.o)
 .text.libgcc.prologue
                0x00000000        0x0 c:/program files (x86)/atmel/atmel toolchain/avr8 gcc/native/3.4.1056/avr8-gnu-toolchain/bin/../lib/gcc/avr/4.8.1/avr5\libgcc.a(_exit.o)
 .text.libgcc.builtins
                0x00000000        0x0 c:/program files (x86)/atmel/atmel toolchain/avr8 gcc/native/3.4.1056/avr8-gnu-toolchain/bin/../lib/gcc/avr/4.8.1/avr5\libgcc.a(_exit.o)
 .text.libgcc.fmul
                0x00000000        0x0 c:/program files (x86)/atmel/atmel toolchain/avr8 gcc/native/3.4.1056/avr8-gnu-toolchain/bin/../lib/gcc/avr/4.8.1/avr5\libgcc.a(_exit.o)
 .text.libgcc.fixed
                0x00000000        0x0 c:/program files (x86)/atmel/atmel toolchain/avr8 gcc/native/3.4.1056/avr8-gnu-toolchain/bin/../lib/gcc/avr/4.8.1/avr5\libgcc.a(_exit.o)
 .text          0x00000000        0x0 c:/program files (x86)/atmel/atmel toolchain/avr8 gcc/native/3.4.1056/avr8-gnu-toolchain/bin/../lib/gcc/avr/4.8.1/avr5\libgcc.a(_tablejump.o)
 .bss           0x00000000        0x0 c:/program files (x86)/atmel/atmel toolchain/avr8 gcc/native/3.4.1056/avr8-gnu-toolchain/bin/../lib/gcc/avr/4.8.1/avr5\libgcc.a(_tablejump.o)
 .text.libgcc.mul
                0x00000000        0x0 c:/program files (x86)/atmel/atmel toolchain/avr8 gcc/native/3.4.1056/avr8-gnu-toolchain/bin/../lib/gcc/avr/4.8.1/avr5\libgcc.a(_tablejump.o)
 .text.libgcc.div
                0x00000000        0x0 c:/program files (x86)/atmel/atmel toolchain/avr8 gcc/native/3.4.1056/avr8-gnu-toolchain/bin/../lib/gcc/avr/4.8.1/avr5\libgcc.a(_tablejump.o)
 .text.libgcc   0x00000000        0xc c:/program files (x86)/atmel/atmel toolchain/avr8 gcc/native/3.4.1056/avr8-gnu-toolchain/bin/../lib/gcc/avr/4.8.1/avr5\libgcc.a(_tablejump.o)
 .text.libgcc.prologue
                0x00000000        0x0 c:/program files (x86)/atmel/atmel toolchain/avr8 gcc/native/3.4.1056/avr8-gnu-toolchain/bin/../lib/gcc/avr/4.8.1/avr5\libgcc.a(_tablejump.o)
 .text.libgcc.builtins
                0x00000000        0x0 c:/program files (x86)/atmel/atmel toolchain/avr8 gcc/native/3.4.1056/avr8-gnu-toolchain/bin/../lib/gcc/avr/4.8.1/avr5\libgcc.a(_tablejump.o)
 .text.libgcc.fmul
                0x00000000        0x0 c:/program files (x86)/atmel/atmel toolchain/avr8 gcc/native/3.4.1056/avr8-gnu-toolchain/bin/../lib/gcc/avr/4.8.1/avr5\libgcc.a(_tablejump.o)
 .text.libgcc.fixed
                0x00000000        0x0 c:/program files (x86)/atmel/atmel toolchain/avr8 gcc/native/3.4.1056/avr8-gnu-toolchain/bin/../lib/gcc/avr/4.8.1/avr5\libgcc.a(_tablejump.o)
 .text          0x00000000        0x0 c:/program files (x86)/atmel/atmel toolchain/avr8 gcc/native/3.4.1056/avr8-gnu-toolchain/bin/../lib/gcc/avr/4.8.1/avr5\libgcc.a(_copy_data.o)
 .bss           0x00000000        0x0 c:/program files (x86)/atmel/atmel toolchain/avr8 gcc/native/3.4.1056/avr8-gnu-toolchain/bin/../lib/gcc/avr/4.8.1/avr5\libgcc.a(_copy_data.o)
 .text.libgcc.mul
                0x00000000        0x0 c:/program files (x86)/atmel/atmel toolchain/avr8 gcc/native/3.4.1056/avr8-gnu-toolchain/bin/../lib/gcc/avr/4.8.1/avr5\libgcc.a(_copy_data.o)
 .text.libgcc.div
                0x00000000        0x0 c:/program files (x86)/atmel/atmel toolchain/avr8 gcc/native/3.4.1056/avr8-gnu-toolchain/bin/../lib/gcc/avr/4.8.1/avr5\libgcc.a(_copy_data.o)
 .text.libgcc   0x00000000        0x0 c:/program files (x86)/atmel/atmel toolchain/avr8 gcc/native/3.4.1056/avr8-gnu-toolchain/bin/../lib/gcc/avr/4.8.1/avr5\libgcc.a(_copy_data.o)
 .text.libgcc.prologue
                0x00000000        0x0 c:/program files (x86)/atmel/atmel toolchain/avr8 gcc/native/3.4.1056/avr8-gnu-toolchain/bin/../lib/gcc/avr/4.8.1/avr5\libgcc.a(_copy_data.o)
 .text.libgcc.builtins
                0x00000000        0x0 c:/program files (x86)/atmel/atmel toolchain/avr8 gcc/native/3.4.1056/avr8-gnu-toolchain/bin/../lib/gcc/avr/4.8.1/avr5\libgcc.a(_copy_data.o)
 .text.libgcc.fmul
                0x00000000        0x0 c:/program files (x86)/atmel/atmel toolchain/avr8 gcc/native/3.4.1056/avr8-gnu-toolchain/bin/../lib/gcc/avr/4.8.1/avr5\libgcc.a(_copy_data.o)
 .text.libgcc.fixed
                0x00000000        0x0 c:/program files (x86)/atmel/atmel toolchain/avr8 gcc/native/3.4.1056/avr8-gnu-toolchain/bin/../lib/gcc/avr/4.8.1/avr5\libgcc.a(_copy_data.o)
 .text          0x00000000        0x0 c:/program files (x86)/atmel/atmel toolchain/avr8 gcc/native/3.4.1056/avr8-gnu-toolchain/bin/../lib/gcc/avr/4.8.1/avr5\libgcc.a(_clear_bss.o)
 .bss           0x00000000        0x0 c:/program files (x86)/atmel/atmel toolchain/avr8 gcc/native/3.4.1056/avr8-gnu-toolchain/bin/../lib/gcc/avr/4.8.1/avr5\libgcc.a(_clear_bss.o)
 .text.libgcc.mul
                0x00000000        0x0 c:/program files (x86)/atmel/atmel toolchain/avr8 gcc/native/3.4.1056/avr8-gnu-toolchain/bin/../lib/gcc/avr/4.8.1/avr5\libgcc.a(_clear_bss.o)
 .text.libgcc.div
                0x00000000        0x0 c:/program files (x86)/atmel/atmel toolchain/avr8 gcc/native/3.4.1056/avr8-gnu-toolchain/bin/../lib/gcc/avr/4.8.1/avr5\libgcc.a(_clear_bss.o)
 .text.libgcc   0x00000000        0x0 c:/program files (x86)/atmel/atmel toolchain/avr8 gcc/native/3.4.1056/avr8-gnu-toolchain/bin/../lib/gcc/avr/4.8.1/avr5\libgcc.a(_clear_bss.o)
 .text.libgcc.prologue
                0x00000000        0x0 c:/program files (x86)/atmel/atmel toolchain/avr8 gcc/native/3.4.1056/avr8-gnu-toolchain/bin/../lib/gcc/avr/4.8.1/avr5\libgcc.a(_clear_bss.o)
 .text.libgcc.builtins
                0x00000000        0x0 c:/program files (x86)/atmel/atmel toolchain/avr8 gcc/native/3.4.1056/avr8-gnu-toolchain/bin/../lib/gcc/avr/4.8.1/avr5\libgcc.a(_clear_bss.o)
 .text.libgcc.fmul
                0x00000000        0x0 c:/program files (x86)/atmel/atmel toolchain/avr8 gcc/native/3.4.1056/avr8-gnu-toolchain/bin/../lib/gcc/avr/4.8.1/avr5\libgcc.a(_clear_bss.o)
 .text.libgcc.fixed
                0x00000000        0x0 c:/program files (x86)/atmel/atmel toolchain/avr8 gcc/native/3.4.1056/avr8-gnu-toolchain/bin/../lib/gcc/avr/4.8.1/avr5\libgcc.a(_clear_bss.o)
 .text          0x00000000        0x0 c:/program files (x86)/atmel/atmel toolchain/avr8 gcc/native/3.4.1056/avr8-gnu-toolchain/bin/../lib/gcc/avr/4.8.1/avr5\libgcc.a(_umulhisi3.o)
 .bss           0x00000000        0x0 c:/program files (x86)/atmel/atmel toolchain/avr8 gcc/native/3.4.1056/avr8-gnu-toolchain/bin/../lib/gcc/avr/4.8.1/avr5\libgcc.a(_umulhisi3.o)
 .text.libgcc.div
                0x00000000        0x0 c:/program files (x86)/atmel/atmel toolchain/avr8 gcc/native/3.4.1056/avr8-gnu-toolchain/bin/../lib/gcc/avr/4.8.1/avr5\libgcc.a(_umulhisi3.o)
 .text.libgcc   0x00000000        0x0 c:/program files (x86)/atmel/atmel toolchain/avr8 gcc/native/3.4.1056/avr8-gnu-toolchain/bin/../lib/gcc/avr/4.8.1/avr5\libgcc.a(_umulhisi3.o)
 .text.libgcc.prologue
                0x00000000        0x0 c:/program files (x86)/atmel/atmel toolchain/avr8 gcc/native/3.4.1056/avr8-gnu-toolchain/bin/../lib/gcc/avr/4.8.1/avr5\libgcc.a(_umulhisi3.o)
 .text.libgcc.builtins
                0x00000000        0x0 c:/program files (x86)/atmel/atmel toolchain/avr8 gcc/native/3.4.1056/avr8-gnu-toolchain/bin/../lib/gcc/avr/4.8.1/avr5\libgcc.a(_umulhisi3.o)
 .text.libgcc.fmul
                0x00000000        0x0 c:/program files (x86)/atmel/atmel toolchain/avr8 gcc/native/3.4.1056/avr8-gnu-toolchain/bin/../lib/gcc/avr/4.8.1/avr5\libgcc.a(_umulhisi3.o)
 .text.libgcc.fixed
                0x00000000        0x0 c:/program files (x86)/atmel/atmel toolchain/avr8 gcc/native/3.4.1056/avr8-gnu-toolchain/bin/../lib/gcc/avr/4.8.1/avr5\libgcc.a(_umulhisi3.o)
 .text          0x00000000        0x0 c:/program files (x86)/atmel/atmel toolchain/avr8 gcc/native/3.4.1056/avr8-gnu-toolchain/bin/../lib/gcc/avr/4.8.1/avr5\libgcc.a(_muluhisi3.o)
 .bss           0x00000000        0x0 c:/program files (x86)/atmel/atmel toolchain/avr8 gcc/native/3.4.1056/avr8-gnu-toolchain/bin/../lib/gcc/avr/4.8.1/avr5\libgcc.a(_muluhisi3.o)
 .text.libgcc.div
                0x00000000        0x0 c:/program files (x86)/atmel/atmel toolchain/avr8 gcc/native/3.4.1056/avr8-gnu-toolchain/bin/../lib/gcc/avr/4.8.1/avr5\libgcc.a(_muluhisi3.o)
 .text.libgcc   0x00000000        0x0 c:/program files (x86)/atmel/atmel toolchain/avr8 gcc/native/3.4.1056/avr8-gnu-toolchain/bin/../lib/gcc/avr/4.8.1/avr5\libgcc.a(_muluhisi3.o)
 .text.libgcc.prologue
                0x00000000        0x0 c:/program files (x86)/atmel/atmel toolchain/avr8 gcc/native/3.4.1056/avr8-gnu-toolchain/bin/../lib/gcc/avr/4.8.1/avr5\libgcc.a(_muluhisi3.o)
 .text.libgcc.builtins
                0x00000000        0x0 c:/program files (x86)/atmel/atmel toolchain/avr8 gcc/native/3.4.1056/avr8-gnu-toolchain/bin/../lib/gcc/avr/4.8.1/avr5\libgcc.a(_muluhisi3.o)
 .text.libgcc.fmul
                0x00000000        0x0 c:/program files (x86)/atmel/atmel toolchain/avr8 gcc/native/3.4.1056/avr8-gnu-toolchain/bin/../lib/gcc/avr/4.8.1/avr5\libgcc.a(_muluhisi3.o)
 .text.libgcc.fixed
                0x00000000        0x0 c:/program files (x86)/atmel/atmel toolchain/avr8 gcc/native/3.4.1056/avr8-gnu-toolchain/bin/../lib/gcc/avr/4.8.1/avr5\libgcc.a(_muluhisi3.o)
 .text          0x00000000        0x0 c:/program files (x86)/atmel/atmel toolchain/avr8 gcc/native/3.4.1056/avr8-gnu-toolchain/bin/../lib/gcc/avr/4.8.1/../../../../avr/lib/avr5\libc.a(rand.o)
 .bss           0x00000000        0x0 c:/program files (x86)/atmel/atmel toolchain/avr8 gcc/native/3.4.1056/avr8-gnu-toolchain/bin/../lib/gcc/avr/4.8.1/../../../../avr/lib/avr5\libc.a(rand.o)
 .text          0x00000000        0x0 c:/program files (x86)/atmel/atmel toolchain/avr8 gcc/native/3.4.1056/avr8-gnu-toolchain/bin/../lib/gcc/avr/4.8.1/../../../../avr/lib/avr5\libc.a(memmove.o)
 .bss           0x00000000        0x0 c:/program files (x86)/atmel/atmel toolchain/avr8 gcc/native/3.4.1056/avr8-gnu-toolchain/bin/../lib/gcc/avr/4.8.1/../../../../avr/lib/avr5\libc.a(memmove.o)
 .text          0x00000000        0x0 c:/program files (x86)/atmel/atmel toolchain/avr8 gcc/native/3.4.1056/avr8-gnu-toolchain/bin/../lib/gcc/avr/4.8.1/../../../../avr/lib/avr5\libc.a(memset.o)
 .bss           0x00000000        0x0 c:/program files (x86)/atmel/atmel toolchain/avr8 gcc/native/3.4.1056/avr8-gnu-toolchain/bin/../lib/gcc/avr/4.8.1/../../../../avr/lib/avr5\libc.a(memset.o)
 .text          0x00000000        0x0 c:/program files (x86)/atmel/atmel toolchain/avr8 gcc/native/3.4.1056/avr8-gnu-toolchain/bin/../lib/gcc/avr/4.8.1/../../../../avr/lib/avr5\libc.a(strchr.o)
 .bss           0x00000000        0x0 c:/program files (x86)/atmel/atmel toolchain/avr8 gcc/native/3.4.1056/avr8-gnu-toolchain/bin/../lib/gcc/avr/4.8.1/../../../../avr/lib/avr5\libc.a(strchr.o)
 .text          0x00000000        0x0 c:/program files (x86)/atmel/atmel toolchain/avr8 gcc/native/3.4.1056/avr8-gnu-toolchain/bin/../lib/gcc/avr/4.8.1/../../../../avr/lib/avr5\libc.a(strcmp.o)
 .bss           0x00000000        0x0 c:/program files (x86)/atmel/atmel toolchain/avr8 gcc/native/3.4.1056/avr8-gnu-toolchain/bin/../lib/gcc/avr/4.8.1/../../../../avr/lib/avr5\libc.a(strcmp.o)
 .text          0x00000000        0x0 c:/program files (x86)/atmel/atmel toolchain/avr8 gcc/native/3.4.1056/avr8-gnu-toolchain/bin/../lib/gcc/avr/4.8.1/../../../../avr/lib/avr5\libc.a(strcpy.o)
 .bss           0x00000000        0x0 c:/program files (x86)/atmel/atmel toolchain/avr8 gcc/native/3.4.1056/avr8-gnu-toolchain/bin/../lib/gcc/avr/4.8.1/../../../../avr/lib/avr5\libc.a(strcpy.o)
 .text          0x00000000        0x0 c:/program files (x86)/atmel/atmel toolchain/avr8 gcc/native/3.4.1056/avr8-gnu-toolchain/bin/../lib/gcc/avr/4.8.1/../../../../avr/lib/avr5\libc.a(strncmp.o)
 .bss           0x00000000        0x0 c:/program files (x86)/atmel/atmel toolchain/avr8 gcc/native/3.4.1056/avr8-gnu-toolchain/bin/../lib/gcc/avr/4.8.1/../../../../avr/lib/avr5\libc.a(strncmp.o)
 .text          0x00000000        0x0 c:/program files (x86)/atmel/atmel toolchain/avr8 gcc/native/3.4.1056/avr8-gnu-toolchain/bin/../lib/gcc/avr/4.8.1/../../../../avr/lib/avr5\libc.a(memcpy.o)
 .bss           0x00000000        0x0 c:/program files (x86)/atmel/atmel toolchain/avr8 gcc/native/3.4.1056/avr8-gnu-toolchain/bin/../lib/gcc/avr/4.8.1/../../../../avr/lib/avr5\libc.a(memcpy.o)
 .text          0x00000000        0x0 c:/program files (x86)/atmel/atmel toolchain/avr8 gcc/native/3.4.1056/avr8-gnu-toolchain/bin/../lib/gcc/avr/4.8.1/avr5\libgcc.a(_mulshisi3.o)
 .bss           0x00000000        0x0 c:/program files (x86)/atmel/atmel toolchain/avr8 gcc/native/3.4.1056/avr8-gnu-toolchain/bin/../lib/gcc/avr/4.8.1/avr5\libgcc.a(_mulshisi3.o)
 .text.libgcc.div
                0x00000000        0x0 c:/program files (x86)/atmel/atmel toolchain/avr8 gcc/native/3.4.1056/avr8-gnu-toolchain/bin/../lib/gcc/avr/4.8.1/avr5\libgcc.a(_mulshisi3.o)
 .text.libgcc   0x00000000        0x0 c:/program files (x86)/atmel/atmel toolchain/avr8 gcc/native/3.4.1056/avr8-gnu-toolchain/bin/../lib/gcc/avr/4.8.1/avr5\libgcc.a(_mulshisi3.o)
 .text.libgcc.prologue
                0x00000000        0x0 c:/program files (x86)/atmel/atmel toolchain/avr8 gcc/native/3.4.1056/avr8-gnu-toolchain/bin/../lib/gcc/avr/4.8.1/avr5\libgcc.a(_mulshisi3.o)
 .text.libgcc.builtins
                0x00000000        0x0 c:/program files (x86)/atmel/atmel toolchain/avr8 gcc/native/3.4.1056/avr8-gnu-toolchain/bin/../lib/gcc/avr/4.8.1/avr5\libgcc.a(_mulshisi3.o)
 .text.libgcc.fmul
                0x00000000        0x0 c:/program files (x86)/atmel/atmel toolchain/avr8 gcc/native/3.4.1056/avr8-gnu-toolchain/bin/../lib/gcc/avr/4.8.1/avr5\libgcc.a(_mulshisi3.o)
 .text.libgcc.fixed
                0x00000000        0x0 c:/program files (x86)/atmel/atmel toolchain/avr8 gcc/native/3.4.1056/avr8-gnu-toolchain/bin/../lib/gcc/avr/4.8.1/avr5\libgcc.a(_mulshisi3.o)

Memory Configuration

Name             Origin             Length             Attributes
text             0x00000000         0x00020000         xr
data             0x00800060         0x0000ffa0         rw !x
eeprom           0x00810000         0x00010000         rw !x
fuse             0x00820000         0x00000400         rw !x
lock             0x00830000         0x00000400         rw !x
signature        0x00840000         0x00000400         rw !x
user_signatures  0x00850000         0x00000400         rw !x
*default*        0x00000000         0xffffffff

Linker script and memory map

Address of section .data set to 0x800100
LOAD c:/program files (x86)/atmel/atmel toolchain/avr8 gcc/native/3.4.1056/avr8-gnu-toolchain/bin/../lib/gcc/avr/4.8.1/../../../../avr/lib/avr5/crtm328p.o
LOAD alien.o
LOAD blinky.o
LOAD byteordering.o
LOAD car.o
LOAD chipcon_v2.o
LOAD chipcon_vm.o
LOAD fat.o
LOAD filesys.o
LOAD joystick.o
LOAD lem.o
LOAD partition.o
LOAD sd_raw.o
LOAD splash.o
LOAD sram.o
LOAD text.o
LOAD tone.o
LOAD tvout.o
LOAD vm_test.o
LOAD worm.o
START GROUP
LOAD c:/program files (x86)/atmel/atmel toolchain/avr8 gcc/native/3.4.1056/avr8-gnu-toolchain/bin/../lib/gcc/avr/4.8.1/../../../../avr/lib/avr5\libm.a
END GROUP
START GROUP
LOAD c:/program files (x86)/atmel/atmel toolchain/avr8 gcc/native/3.4.1056/avr8-gnu-toolchain/bin/../lib/gcc/avr/4.8.1/avr5\libgcc.a
LOAD c:/program files (x86)/atmel/atmel toolchain/avr8 gcc/native/3.4.1056/avr8-gnu-toolchain/bin/../lib/gcc/avr/4.8.1/../../../../avr/lib/avr5\libm.a
LOAD c:/program files (x86)/atmel/atmel toolchain/avr8 gcc/native/3.4.1056/avr8-gnu-toolchain/bin/../lib/gcc/avr/4.8.1/../../../../avr/lib/avr5\libc.a
END GROUP

.hash
 *(.hash)

.dynsym
 *(.dynsym)

.dynstr
 *(.dynstr)

.gnu.version
 *(.gnu.version)

.gnu.version_d
 *(.gnu.version_d)

.gnu.version_r
 *(.gnu.version_r)

.rel.init
 *(.rel.init)

.rela.init
 *(.rela.init)

.rel.text
 *(.rel.text)
 *(.rel.text.*)
 *(.rel.gnu.linkonce.t*)

.rela.text
 *(.rela.text)
 *(.rela.text.*)
 *(.rela.gnu.linkonce.t*)

.rel.fini
 *(.rel.fini)

.rela.fini
 *(.rela.fini)

.rel.rodata
 *(.rel.rodata)
 *(.rel.rodata.*)
 *(.rel.gnu.linkonce.r*)

.rela.rodata
 *(.rela.rodata)
 *(.rela.rodata.*)
 *(.rela.gnu.linkonce.r*)

.rel.data
 *(.rel.data)
 *(.rel.data.*)
 *(.rel.gnu.linkonce.d*)

.rela.data
 *(.rela.data)
 *(.rela.data.*)
 *(.rela.gnu.linkonce.d*)

.rel.ctors
 *(.rel.ctors)

.rela.ctors
 *(.rela.ctors)

.rel.dtors
 *(.rel.dtors)

.rela.dtors
 *(.rela.dtors)

.rel.got
 *(.rel.got)

.rela.got
 *(.rela.got)

.rel.bss
 *(.rel.bss)

.rela.bss
 *(.rela.bss)

.rel.plt
 *(.rel.plt)

.rela.plt
 *(.rela.plt)

.text           0x00000000     0x5416
 *(.vectors)
 .vectors       0x00000000       0x68 c:/program files (x86)/atmel/atmel toolchain/avr8 gcc/native/3.4.1056/avr8-gnu-toolchain/bin/../lib/gcc/avr/4.8.1/../../../../avr/lib/avr5/crtm328p.o
                0x00000000                __vector_default
                0x00000000                __vectors
 *(.vectors)
 *(.progmem.gcc*)
                0x00000068                . = ALIGN (0x2)
                0x00000068                __trampolines_start = .
 *(.trampolines)
 .trampolines   0x00000068        0x0 linker stubs
 *(.trampolines*)
                0x00000068                __trampolines_end = .
 *(.progmem*)
 .progmem.data.alien
                0x00000068      0x33e alien.o
                0x00000068                alien
 .progmem.data.blinky
                0x000003a6      0x9da blinky.o
                0x000003a6                blinky
 .progmem.data.car
                0x00000d80      0x1ac car.o
                0x00000d80                car
 .progmem.data.__c.2480
                0x00000f2c       0x12 chipcon_v2.o
 .progmem.data.__c.2461
                0x00000f3e       0x13 chipcon_v2.o
 .progmem.data.__c.2431
                0x00000f51       0x13 chipcon_v2.o
 .progmem.data.credits
                0x00000f64       0x2e chipcon_v2.o
                0x00000f64                credits
 .progmem.data.flash_games
                0x00000f92       0x1b chipcon_v2.o
                0x00000f92                flash_games
 .progmem.data.__c.2035
                0x00000fad       0x14 chipcon_vm.o
 .progmem.data.__c.2029
                0x00000fc1        0x7 chipcon_vm.o
 .progmem.data.__c.2027
                0x00000fc8        0x5 chipcon_vm.o
 .progmem.data.__c.2025
                0x00000fcd        0x3 chipcon_vm.o
 .progmem.data.__c.2023
                0x00000fd0        0x4 chipcon_vm.o
 .progmem.data.__c.2077
                0x00000fd4       0x15 filesys.o
 .progmem.data.__c.2065
                0x00000fe9       0x15 filesys.o
 .progmem.data.__c.2057
                0x00000ffe       0x16 filesys.o
 .progmem.data.__c.2055
                0x00001014       0x17 filesys.o
 .progmem.data.__c.1679
                0x0000102b        0xa joystick.o
 .progmem.data.lem
                0x00001035      0x21c lem.o
                0x00001035                lem
 .progmem.data.splash
                0x00001251      0x400 splash.o
                0x00001251                splash
 .progmem.data.font_6x8
                0x00001651      0x328 text.o
                0x00001651                font_6x8
 .progmem.data.font_hex_8x10
                0x00001979       0xa0 text.o
                0x00001979                font_hex_8x10
 .progmem.data.font_hex_4x6
                0x00001a19       0x60 text.o
                0x00001a19                font_hex_4x6
 .progmem.data.SCALE
                0x00001a79       0x20 tone.o
                0x00001a79                SCALE
 .progmem.data.worm
                0x00001a99      0x298 worm.o
                0x00001a99                worm
                0x00001d32                . = ALIGN (0x2)
 *fill*         0x00001d31        0x1 
 *(.jumptables)
 *(.jumptables*)
 *(.lowtext)
 *(.lowtext*)
                0x00001d32                __ctors_start = .
 *(.ctors)
                0x00001d32                __ctors_end = .
                0x00001d32                __dtors_start = .
 *(.dtors)
                0x00001d32                __dtors_end = .
 SORT(*)(.ctors)
 SORT(*)(.dtors)
 *(.init0)
 .init0         0x00001d32        0x0 c:/program files (x86)/atmel/atmel toolchain/avr8 gcc/native/3.4.1056/avr8-gnu-toolchain/bin/../lib/gcc/avr/4.8.1/../../../../avr/lib/avr5/crtm328p.o
                0x00001d32                __init
 *(.init0)
 *(.init1)
 *(.init1)
 *(.init2)
 .init2         0x00001d32        0xc c:/program files (x86)/atmel/atmel toolchain/avr8 gcc/native/3.4.1056/avr8-gnu-toolchain/bin/../lib/gcc/avr/4.8.1/../../../../avr/lib/avr5/crtm328p.o
 *(.init2)
 *(.init3)
 *(.init3)
 *(.init4)
 .init4         0x00001d3e       0x16 c:/program files (x86)/atmel/atmel toolchain/avr8 gcc/native/3.4.1056/avr8-gnu-toolchain/bin/../lib/gcc/avr/4.8.1/avr5\libgcc.a(_copy_data.o)
                0x00001d3e                __do_copy_data
 .init4         0x00001d54       0x10 c:/program files (x86)/atmel/atmel toolchain/avr8 gcc/native/3.4.1056/avr8-gnu-toolchain/bin/../lib/gcc/avr/4.8.1/avr5\libgcc.a(_clear_bss.o)
                0x00001d54                __do_clear_bss
 *(.init4)
 *(.init5)
 *(.init5)
 *(.init6)
 *(.init6)
 *(.init7)
 *(.init7)
 *(.init8)
 *(.init8)
 *(.init9)
 .init9         0x00001d64        0x8 c:/program files (x86)/atmel/atmel toolchain/avr8 gcc/native/3.4.1056/avr8-gnu-toolchain/bin/../lib/gcc/avr/4.8.1/../../../../avr/lib/avr5/crtm328p.o
 *(.init9)
 *(.text)
 .text          0x00001d6c        0x4 c:/program files (x86)/atmel/atmel toolchain/avr8 gcc/native/3.4.1056/avr8-gnu-toolchain/bin/../lib/gcc/avr/4.8.1/../../../../avr/lib/avr5/crtm328p.o
                0x00001d6c                __vector_22
                0x00001d6c                __vector_1
                0x00001d6c                __vector_24
                0x00001d6c                __bad_interrupt
                0x00001d6c                __vector_6
                0x00001d6c                __vector_3
                0x00001d6c                __vector_23
                0x00001d6c                __vector_25
                0x00001d6c                __vector_11
                0x00001d6c                __vector_13
                0x00001d6c                __vector_17
                0x00001d6c                __vector_19
                0x00001d6c                __vector_7
                0x00001d6c                __vector_5
                0x00001d6c                __vector_4
                0x00001d6c                __vector_9
                0x00001d6c                __vector_2
                0x00001d6c                __vector_21
                0x00001d6c                __vector_15
                0x00001d6c                __vector_8
                0x00001d6c                __vector_14
                0x00001d6c                __vector_10
                0x00001d6c                __vector_16
                0x00001d6c                __vector_18
                0x00001d6c                __vector_20
                0x00001d70                . = ALIGN (0x2)
 *(.text.*)
 .text.read16   0x00001d70       0x10 byteordering.o
                0x00001d70                read16
 .text.read32   0x00001d80       0x24 byteordering.o
                0x00001d80                read32
 .text.load_flash_game
                0x00001da4       0x3e chipcon_v2.o
                0x00001da4                load_flash_game
 .text.display_page
                0x00001de2       0x96 chipcon_v2.o
                0x00001de2                display_page
 .text.select_file
                0x00001e78      0x1d2 chipcon_v2.o
                0x00001e78                select_file
 .text.sdc_files
                0x0000204a       0xb8 chipcon_v2.o
                0x0000204a                sdc_files
 .text.games_on_sdcard
                0x00002102       0x30 chipcon_v2.o
                0x00002102                games_on_sdcard
 .text.games_in_flash
                0x00002132      0x1a4 chipcon_v2.o
                0x00002132                games_in_flash
 .text.splash_screen
                0x000022d6       0x72 chipcon_v2.o
                0x000022d6                splash_screen
 .text.main     0x00002348       0x92 chipcon_v2.o
                0x00002348                main
 .text.print_vms
                0x000023da       0xd4 chipcon_vm.o
                0x000023da                print_vms
 .text.schipp   0x000024ae      0x9f4 chipcon_vm.o
                0x000024ae                schipp
 .text.fat_get_next_cluster
                0x00002ea2       0x9e fat.o
 .text.fat_dir_entry_read_callback
                0x00002f40      0x180 fat.o
 .text.fat_open
                0x000030c0      0x344 fat.o
                0x000030c0                fat_open
 .text.fat_close
                0x00003404        0xc fat.o
                0x00003404                fat_close
 .text.fat_open_file
                0x00003410       0x80 fat.o
                0x00003410                fat_open_file
 .text.fat_close_file
                0x00003490        0xc fat.o
                0x00003490                fat_close_file
 .text.fat_read_file
                0x0000349c      0x27e fat.o
                0x0000349c                fat_read_file
 .text.fat_open_dir
                0x0000371a       0x8a fat.o
                0x0000371a                fat_open_dir
 .text.fat_close_dir
                0x000037a4        0xc fat.o
                0x000037a4                fat_close_dir
 .text.fat_reset_dir
                0x000037b0       0x1a fat.o
                0x000037b0                fat_reset_dir
 .text.fat_read_dir
                0x000037ca      0x204 fat.o
                0x000037ca                fat_read_dir
 .text.fat_get_dir_entry_of_path
                0x000039ce      0x154 fat.o
                0x000039ce                fat_get_dir_entry_of_path
 .text.bad_sdcard
                0x00003b22       0x20 filesys.o
                0x00003b22                bad_sdcard
 .text.fs_mount
                0x00003b42       0x90 filesys.o
                0x00003b42                fs_mount
 .text.fs_umount
                0x00003bd2       0x32 filesys.o
                0x00003bd2                fs_umount
 .text.fs_open_dir
                0x00003c04       0x6a filesys.o
                0x00003c04                fs_open_dir
 .text.fs_open_file
                0x00003c6e       0x90 filesys.o
                0x00003c6e                fs_open_file
 .text.fs_close_file
                0x00003cfe        0xe filesys.o
                0x00003cfe                fs_close_file
 .text.fs_load_file
                0x00003d0c       0xa2 filesys.o
                0x00003d0c                fs_load_file
 .text.fs_read_dir
                0x00003dae       0x10 filesys.o
                0x00003dae                fs_read_dir
 .text.joystick_btn_down
                0x00003dbe        0xc joystick.o
                0x00003dbe                joystick_btn_down
 .text.joystick_wait_any
                0x00003dca       0x10 joystick.o
                0x00003dca                joystick_wait_any
 .text.joystick_wait_release
                0x00003dda       0x1c joystick.o
                0x00003dda                joystick_wait_release
 .text.prompt_btn
                0x00003df6       0x28 joystick.o
                0x00003df6                prompt_btn
 .text.joystick_break
                0x00003e1e       0x34 joystick.o
                0x00003e1e                joystick_break
 .text.partition_open
                0x00003e52      0x13c partition.o
                0x00003e52                partition_open
 .text.partition_close
                0x00003f8e       0x10 partition.o
                0x00003f8e                partition_close
 .text.sd_raw_send_byte
                0x00003f9e       0x10 sd_raw.o
 .text.sd_raw_rec_byte
                0x00003fae       0x14 sd_raw.o
 .text.sd_raw_send_command
                0x00003fc2       0x78 sd_raw.o
 .text.sd_raw_available
                0x0000403a        0x8 sd_raw.o
                0x0000403a                sd_raw_available
 .text.sd_raw_init
                0x00004042       0xfa sd_raw.o
                0x00004042                sd_raw_init
 .text.sd_raw_read
                0x0000413c       0xf6 sd_raw.o
                0x0000413c                sd_raw_read
 .text.sd_raw_read_interval
                0x00004232      0x1fe sd_raw.o
                0x00004232                sd_raw_read_interval
 .text.sram_wrmode
                0x00004430       0x24 sram.o
                0x00004430                sram_wrmode
 .text.sram_clear
                0x00004454       0x56 sram.o
                0x00004454                sram_clear
 .text.sram_init
                0x000044aa       0x10 sram.o
                0x000044aa                sram_init
 .text.sram_write_byte
                0x000044ba       0x40 sram.o
                0x000044ba                sram_write_byte
 .text.sram_read_byte
                0x000044fa       0x42 sram.o
                0x000044fa                sram_read_byte
 .text.sram_read_word
                0x0000453c       0x56 sram.o
                0x0000453c                sram_read_word
 .text.sram_load_block
                0x00004592       0x56 sram.o
                0x00004592                sram_load_block
 .text.sram_store_block
                0x000045e8       0x54 sram.o
                0x000045e8                sram_store_block
 .text.select_font
                0x0000463c        0x6 text.o
                0x0000463c                select_font
 .text.new_line
                0x00004642       0x74 text.o
                0x00004642                new_line
 .text.put_char
                0x000046b6       0xe8 text.o
                0x000046b6                put_char
 .text.set_cursor
                0x0000479e        0xa text.o
                0x0000479e                set_cursor
 .text.print    0x000047a8       0x1e text.o
                0x000047a8                print
 .text.prt_pstr
                0x000047c6       0x24 text.o
                0x000047c6                prt_pstr
 .text.print_hex
                0x000047ea       0xb4 text.o
                0x000047ea                print_hex
 .text.text_scroller
                0x0000489e       0xd6 text.o
                0x0000489e                text_scroller
 .text.tone_init
                0x00004974        0xc tone.o
                0x00004974                tone_init
 .text.tone     0x00004980       0x24 tone.o
                0x00004980                tone
 .text.key_tone
                0x000049a4       0x2a tone.o
                0x000049a4                key_tone
 .text.noise    0x000049ce       0x28 tone.o
                0x000049ce                noise
 .text.tvout_init
                0x000049f6       0x38 tvout.o
                0x000049f6                tvout_init
 .text.plot     0x00004a2e       0xc2 tvout.o
                0x00004a2e                plot
 .text.put_sprite
                0x00004af0      0x190 tvout.o
                0x00004af0                put_sprite
 .text.put_big_sprite
                0x00004c80      0x24c tvout.o
                0x00004c80                put_big_sprite
 .text.cls      0x00004ecc       0x1e tvout.o
                0x00004ecc                cls
 .text.scroll_down
                0x00004eea       0x50 tvout.o
                0x00004eea                scroll_down
 .text.scroll_up
                0x00004f3a       0x66 tvout.o
                0x00004f3a                scroll_up
 .text.chip_scroll_right
                0x00004fa0       0x54 tvout.o
                0x00004fa0                chip_scroll_right
 .text.chip_scroll_left
                0x00004ff4       0x48 tvout.o
                0x00004ff4                chip_scroll_left
 .text.screen_save
                0x0000503c       0x12 tvout.o
                0x0000503c                screen_save
 .text.screen_restore
                0x0000504e       0x12 tvout.o
                0x0000504e                screen_restore
 .text.__vector_12
                0x00005060      0x152 tvout.o
                0x00005060                __vector_12
 .text.libgcc.mul
                0x000051b2       0x20 c:/program files (x86)/atmel/atmel toolchain/avr8 gcc/native/3.4.1056/avr8-gnu-toolchain/bin/../lib/gcc/avr/4.8.1/avr5\libgcc.a(_mulsi3.o)
                0x000051b2                __mulsi3
 .text.libgcc.div
                0x000051d2       0x28 c:/program files (x86)/atmel/atmel toolchain/avr8 gcc/native/3.4.1056/avr8-gnu-toolchain/bin/../lib/gcc/avr/4.8.1/avr5\libgcc.a(_udivmodhi4.o)
                0x000051d2                __udivmodhi4
 .text.libgcc.div
                0x000051fa       0x44 c:/program files (x86)/atmel/atmel toolchain/avr8 gcc/native/3.4.1056/avr8-gnu-toolchain/bin/../lib/gcc/avr/4.8.1/avr5\libgcc.a(_udivmodsi4.o)
                0x000051fa                __udivmodsi4
 .text.libgcc.div
                0x0000523e       0x2e c:/program files (x86)/atmel/atmel toolchain/avr8 gcc/native/3.4.1056/avr8-gnu-toolchain/bin/../lib/gcc/avr/4.8.1/avr5\libgcc.a(_divmodsi4.o)
                0x0000523e                __divmodsi4
 .text.libgcc.div
                0x0000526c       0x10 c:/program files (x86)/atmel/atmel toolchain/avr8 gcc/native/3.4.1056/avr8-gnu-toolchain/bin/../lib/gcc/avr/4.8.1/avr5\libgcc.a(_negsi2.o)
                0x0000526c                __negsi2
 .text.libgcc.mul
                0x0000527c       0x1e c:/program files (x86)/atmel/atmel toolchain/avr8 gcc/native/3.4.1056/avr8-gnu-toolchain/bin/../lib/gcc/avr/4.8.1/avr5\libgcc.a(_umulhisi3.o)
                0x0000527c                __umulhisi3
 .text.libgcc.mul
                0x0000529a       0x16 c:/program files (x86)/atmel/atmel toolchain/avr8 gcc/native/3.4.1056/avr8-gnu-toolchain/bin/../lib/gcc/avr/4.8.1/avr5\libgcc.a(_muluhisi3.o)
                0x0000529a                __muluhisi3
 .text.avr-libc
                0x000052b0       0xbc c:/program files (x86)/atmel/atmel toolchain/avr8 gcc/native/3.4.1056/avr8-gnu-toolchain/bin/../lib/gcc/avr/4.8.1/../../../../avr/lib/avr5\libc.a(rand.o)
                0x00005346                rand_r
                0x0000534c                rand
                0x00005356                srand
 .text.avr-libc
                0x0000536c       0x24 c:/program files (x86)/atmel/atmel toolchain/avr8 gcc/native/3.4.1056/avr8-gnu-toolchain/bin/../lib/gcc/avr/4.8.1/../../../../avr/lib/avr5\libc.a(memmove.o)
                0x0000536c                memmove
 .text.avr-libc
                0x00005390        0xe c:/program files (x86)/atmel/atmel toolchain/avr8 gcc/native/3.4.1056/avr8-gnu-toolchain/bin/../lib/gcc/avr/4.8.1/../../../../avr/lib/avr5\libc.a(memset.o)
                0x00005390                memset
 .text.avr-libc
                0x0000539e       0x16 c:/program files (x86)/atmel/atmel toolchain/avr8 gcc/native/3.4.1056/avr8-gnu-toolchain/bin/../lib/gcc/avr/4.8.1/../../../../avr/lib/avr5\libc.a(strchr.o)
                0x0000539e                strchr
 .text.avr-libc
                0x000053b4       0x12 c:/program files (x86)/atmel/atmel toolchain/avr8 gcc/native/3.4.1056/avr8-gnu-toolchain/bin/../lib/gcc/avr/4.8.1/../../../../avr/lib/avr5\libc.a(strcmp.o)
                0x000053b4                strcmp
 .text.avr-libc
                0x000053c6        0xe c:/program files (x86)/atmel/atmel toolchain/avr8 gcc/native/3.4.1056/avr8-gnu-toolchain/bin/../lib/gcc/avr/4.8.1/../../../../avr/lib/avr5\libc.a(strcpy.o)
                0x000053c6                strcpy
 .text.avr-libc
                0x000053d4       0x1c c:/program files (x86)/atmel/atmel toolchain/avr8 gcc/native/3.4.1056/avr8-gnu-toolchain/bin/../lib/gcc/avr/4.8.1/../../../../avr/lib/avr5\libc.a(strncmp.o)
                0x000053d4                strncmp
 .text.avr-libc
                0x000053f0       0x12 c:/program files (x86)/atmel/atmel toolchain/avr8 gcc/native/3.4.1056/avr8-gnu-toolchain/bin/../lib/gcc/avr/4.8.1/../../../../avr/lib/avr5\libc.a(memcpy.o)
                0x000053f0                memcpy
 .text.libgcc.mul
                0x00005402       0x10 c:/program files (x86)/atmel/atmel toolchain/avr8 gcc/native/3.4.1056/avr8-gnu-toolchain/bin/../lib/gcc/avr/4.8.1/avr5\libgcc.a(_mulshisi3.o)
                0x00005402                __mulshisi3
                0x00005408                __mulohisi3
                0x00005412                . = ALIGN (0x2)
 *(.fini9)
 .fini9         0x00005412        0x0 c:/program files (x86)/atmel/atmel toolchain/avr8 gcc/native/3.4.1056/avr8-gnu-toolchain/bin/../lib/gcc/avr/4.8.1/avr5\libgcc.a(_exit.o)
                0x00005412                _exit
                0x00005412                exit
 *(.fini9)
 *(.fini8)
 *(.fini8)
 *(.fini7)
 *(.fini7)
 *(.fini6)
 *(.fini6)
 *(.fini5)
 *(.fini5)
 *(.fini4)
 *(.fini4)
 *(.fini3)
 *(.fini3)
 *(.fini2)
 *(.fini2)
 *(.fini1)
 *(.fini1)
 *(.fini0)
 .fini0         0x00005412        0x4 c:/program files (x86)/atmel/atmel toolchain/avr8 gcc/native/3.4.1056/avr8-gnu-toolchain/bin/../lib/gcc/avr/4.8.1/avr5\libgcc.a(_exit.o)
 *(.fini0)
                0x00005416                _etext = .

.data           0x00800100        0x8 load address 0x00005416
                0x00800100                PROVIDE (__data_start, .)
 *(.data)
 .data          0x00800100        0x0 c:/program files (x86)/atmel/atmel toolchain/avr8 gcc/native/3.4.1056/avr8-gnu-toolchain/bin/../lib/gcc/avr/4.8.1/../../../../avr/lib/avr5/crtm328p.o
 .data          0x00800100        0x0 alien.o
 .data          0x00800100        0x0 blinky.o
 .data          0x00800100        0x0 byteordering.o
 .data          0x00800100        0x0 car.o
 .data          0x00800100        0x0 chipcon_v2.o
 .data          0x00800100        0x0 chipcon_vm.o
 .data          0x00800100        0x0 fat.o
 .data          0x00800100        0x0 filesys.o
 .data          0x00800100        0x0 joystick.o
 .data          0x00800100        0x0 lem.o
 .data          0x00800100        0x0 partition.o
 .data          0x00800100        0x0 sd_raw.o
 .data          0x00800100        0x0 splash.o
 .data          0x00800100        0x0 sram.o
 .data          0x00800100        0x0 text.o
 .data          0x00800100        0x0 tone.o
 .data          0x00800100        0x0 tvout.o
 .data          0x00800100        0x0 vm_test.o
 .data          0x00800100        0x0 worm.o
 .data          0x00800100        0x0 c:/program files (x86)/atmel/atmel toolchain/avr8 gcc/native/3.4.1056/avr8-gnu-toolchain/bin/../lib/gcc/avr/4.8.1/avr5\libgcc.a(_mulsi3.o)
 .data          0x00800100        0x0 c:/program files (x86)/atmel/atmel toolchain/avr8 gcc/native/3.4.1056/avr8-gnu-toolchain/bin/../lib/gcc/avr/4.8.1/avr5\libgcc.a(_udivmodhi4.o)
 .data          0x00800100        0x0 c:/program files (x86)/atmel/atmel toolchain/avr8 gcc/native/3.4.1056/avr8-gnu-toolchain/bin/../lib/gcc/avr/4.8.1/avr5\libgcc.a(_udivmodsi4.o)
 .data          0x00800100        0x0 c:/program files (x86)/atmel/atmel toolchain/avr8 gcc/native/3.4.1056/avr8-gnu-toolchain/bin/../lib/gcc/avr/4.8.1/avr5\libgcc.a(_divmodsi4.o)
 .data          0x00800100        0x0 c:/program files (x86)/atmel/atmel toolchain/avr8 gcc/native/3.4.1056/avr8-gnu-toolchain/bin/../lib/gcc/avr/4.8.1/avr5\libgcc.a(_negsi2.o)
 .data          0x00800100        0x0 c:/program files (x86)/atmel/atmel toolchain/avr8 gcc/native/3.4.1056/avr8-gnu-toolchain/bin/../lib/gcc/avr/4.8.1/avr5\libgcc.a(_exit.o)
 .data          0x00800100        0x0 c:/program files (x86)/atmel/atmel toolchain/avr8 gcc/native/3.4.1056/avr8-gnu-toolchain/bin/../lib/gcc/avr/4.8.1/avr5\libgcc.a(_tablejump.o)
 .data          0x00800100        0x0 c:/program files (x86)/atmel/atmel toolchain/avr8 gcc/native/3.4.1056/avr8-gnu-toolchain/bin/../lib/gcc/avr/4.8.1/avr5\libgcc.a(_copy_data.o)
 .data          0x00800100        0x0 c:/program files (x86)/atmel/atmel toolchain/avr8 gcc/native/3.4.1056/avr8-gnu-toolchain/bin/../lib/gcc/avr/4.8.1/avr5\libgcc.a(_clear_bss.o)
 .data          0x00800100        0x0 c:/program files (x86)/atmel/atmel toolchain/avr8 gcc/native/3.4.1056/avr8-gnu-toolchain/bin/../lib/gcc/avr/4.8.1/avr5\libgcc.a(_umulhisi3.o)
 .data          0x00800100        0x0 c:/program files (x86)/atmel/atmel toolchain/avr8 gcc/native/3.4.1056/avr8-gnu-toolchain/bin/../lib/gcc/avr/4.8.1/avr5\libgcc.a(_muluhisi3.o)
 .data          0x00800100        0x4 c:/program files (x86)/atmel/atmel toolchain/avr8 gcc/native/3.4.1056/avr8-gnu-toolchain/bin/../lib/gcc/avr/4.8.1/../../../../avr/lib/avr5\libc.a(rand.o)
 .data          0x00800104        0x0 c:/program files (x86)/atmel/atmel toolchain/avr8 gcc/native/3.4.1056/avr8-gnu-toolchain/bin/../lib/gcc/avr/4.8.1/../../../../avr/lib/avr5\libc.a(memmove.o)
 .data          0x00800104        0x0 c:/program files (x86)/atmel/atmel toolchain/avr8 gcc/native/3.4.1056/avr8-gnu-toolchain/bin/../lib/gcc/avr/4.8.1/../../../../avr/lib/avr5\libc.a(memset.o)
 .data          0x00800104        0x0 c:/program files (x86)/atmel/atmel toolchain/avr8 gcc/native/3.4.1056/avr8-gnu-toolchain/bin/../lib/gcc/avr/4.8.1/../../../../avr/lib/avr5\libc.a(strchr.o)
 .data          0x00800104        0x0 c:/program files (x86)/atmel/atmel toolchain/avr8 gcc/native/3.4.1056/avr8-gnu-toolchain/bin/../lib/gcc/avr/4.8.1/../../../../avr/lib/avr5\libc.a(strcmp.o)
 .data          0x00800104        0x0 c:/program files (x86)/atmel/atmel toolchain/avr8 gcc/native/3.4.1056/avr8-gnu-toolchain/bin/../lib/gcc/avr/4.8.1/../../../../avr/lib/avr5\libc.a(strcpy.o)
 .data          0x00800104        0x0 c:/program files (x86)/atmel/atmel toolchain/avr8 gcc/native/3.4.1056/avr8-gnu-toolchain/bin/../lib/gcc/avr/4.8.1/../../../../avr/lib/avr5\libc.a(strncmp.o)
 .data          0x00800104        0x0 c:/program files (x86)/atmel/atmel toolchain/avr8 gcc/native/3.4.1056/avr8-gnu-toolchain/bin/../lib/gcc/avr/4.8.1/../../../../avr/lib/avr5\libc.a(memcpy.o)
 .data          0x00800104        0x0 c:/program files (x86)/atmel/atmel toolchain/avr8 gcc/native/3.4.1056/avr8-gnu-toolchain/bin/../lib/gcc/avr/4.8.1/avr5\libgcc.a(_mulshisi3.o)
 *(.data*)
 .data.font     0x00800104        0x1 text.o
                0x00800104                font
 *(.rodata)
 *(.rodata*)
 .rodata.str1.1
                0x00800105        0x2 chipcon_v2.o
 *(.gnu.linkonce.d*)
                0x00800108                . = ALIGN (0x2)
 *fill*         0x00800107        0x1 
                0x00800108                _edata = .
                0x00800108                PROVIDE (__data_end, .)

.bss            0x00800108      0x6be
                0x00800108                PROVIDE (__bss_start, .)
 *(.bss)
 *(.bss*)
 .bss.block     0x00800108       0x20 chipcon_vm.o
 .bss.vms       0x00800128       0x68 chipcon_vm.o
 .bss.fat_dir_handles
                0x00800190       0x93 fat.o
 .bss.fat_file_handles
                0x00800223       0x66 fat.o
 .bss.fat_fs_handles
                0x00800289       0x1c fat.o
 .bss.partition
                0x008002a5        0x2 filesys.o
 .bss.fd        0x008002a7        0x2 filesys.o
 .bss.dd        0x008002a9        0x2 filesys.o
 .bss.fs        0x008002ab        0x2 filesys.o
 .bss.partition_handles
                0x008002ad       0x11 partition.o
 .bss.sd_raw_card_type
                0x008002be        0x1 sd_raw.o
 .bss.ypos      0x008002bf        0x1 text.o
                0x008002bf                ypos
 .bss.xpos      0x008002c0        0x1 text.o
                0x008002c0                xpos
 .bss.video     0x008002c1        0x1 tvout.o
 .bss.line_count
                0x008002c2        0x2 tvout.o
 .bss.tone_length
                0x008002c4        0x1 tvout.o
                0x008002c4                tone_length
 .bss.frame_delay
                0x008002c5        0x1 tvout.o
                0x008002c5                frame_delay
 .bss.video_buffer
                0x008002c6      0x500 tvout.o
 *(COMMON)
                0x008007c6                PROVIDE (__bss_end, .)
                0x00005416                __data_load_start = LOADADDR (.data)
                0x0000541e                __data_load_end = (__data_load_start + SIZEOF (.data))

.noinit         0x008007c6        0x0
                0x008007c6                PROVIDE (__noinit_start, .)
 *(.noinit*)
                0x008007c6                PROVIDE (__noinit_end, .)
                0x008007c6                _end = .
                0x008007c6                PROVIDE (__heap_start, .)

.eeprom         0x00810000        0x0
 *(.eeprom*)
                0x00810000                __eeprom_end = .

.fuse
 *(.fuse)
 *(.lfuse)
 *(.hfuse)
 *(.efuse)

.lock
 *(.lock*)

.signature
 *(.signature*)

.user_signatures
 *(.user_signatures*)

.stab
 *(.stab)

.stabstr
 *(.stabstr)

.stab.excl
 *(.stab.excl)

.stab.exclstr
 *(.stab.exclstr)

.stab.index
 *(.stab.index)

.stab.indexstr
 *(.stab.indexstr)

.comment        0x00000000       0x30
 *(.comment)
 .comment       0x00000000       0x30 alien.o
                                 0x31 (size before relaxing)
 .comment       0x00000000       0x31 blinky.o
 .comment       0x00000000       0x31 byteordering.o
 .comment       0x00000000       0x31 car.o
 .comment       0x00000000       0x31 chipcon_v2.o
 .comment       0x00000000       0x31 chipcon_vm.o
 .comment       0x00000000       0x31 fat.o
 .comment       0x00000000       0x31 filesys.o
 .comment       0x00000000       0x31 joystick.o
 .comment       0x00000000       0x31 lem.o
 .comment       0x00000000       0x31 partition.o
 .comment       0x00000000       0x31 sd_raw.o
 .comment       0x00000000       0x31 splash.o
 .comment       0x00000000       0x31 sram.o
 .comment       0x00000000       0x31 text.o
 .comment       0x00000000       0x31 tone.o
 .comment       0x00000000       0x31 tvout.o
 .comment       0x00000000       0x31 vm_test.o
 .comment       0x00000000       0x31 worm.o
 .comment       0x00000000       0x31 c:/program files (x86)/atmel/atmel toolchain/avr8 gcc/native/3.4.1056/avr8-gnu-toolchain/bin/../lib/gcc/avr/4.8.1/../../../../avr/lib/avr5\libc.a(rand.o)

.note.gnu.build-id
 *(.note.gnu.build-id)

.debug
 *(.debug)

.line
 *(.line)

.debug_srcinfo
 *(.debug_srcinfo)

.debug_sfnames
 *(.debug_sfnames)

.debug_aranges  0x00000000      0x4a8
 *(.debug_aranges)
 .debug_aranges
                0x00000000       0x18 alien.o
 .debug_aranges
                0x00000018       0x18 blinky.o
 .debug_aranges
                0x00000030       0x38 byteordering.o
 .debug_aranges
                0x00000068       0x18 car.o
 .debug_aranges
                0x00000080       0x58 chipcon_v2.o
 .debug_aranges
                0x000000d8       0x28 chipcon_vm.o
 .debug_aranges
                0x00000100       0x98 fat.o
 .debug_aranges
                0x00000198       0x60 filesys.o
 .debug_aranges
                0x000001f8       0x40 joystick.o
 .debug_aranges
                0x00000238       0x18 lem.o
 .debug_aranges
                0x00000250       0x28 partition.o
 .debug_aranges
                0x00000278       0x58 sd_raw.o
 .debug_aranges
                0x000002d0       0x18 splash.o
 .debug_aranges
                0x000002e8       0x60 sram.o
 .debug_aranges
                0x00000348       0x70 text.o
 .debug_aranges
                0x000003b8       0x38 tone.o
 .debug_aranges
                0x000003f0       0x88 tvout.o
 .debug_aranges
                0x00000478       0x18 vm_test.o
 .debug_aranges
                0x00000490       0x18 worm.o

.debug_pubnames
 *(.debug_pubnames)

.debug_info     0x00000000     0x5c57
 *(.debug_info .gnu.linkonce.wi.*)
 .debug_info    0x00000000       0xb7 alien.o
 .debug_info    0x000000b7       0xb7 blinky.o
 .debug_info    0x0000016e      0x164 byteordering.o
 .debug_info    0x000002d2       0xb7 car.o
 .debug_info    0x00000389      0xd86 chipcon_v2.o
 .debug_info    0x0000110f      0x8f7 chipcon_vm.o
 .debug_info    0x00001a06     0x1138 fat.o
 .debug_info    0x00002b3e      0x9a5 filesys.o
 .debug_info    0x000034e3      0x1e3 joystick.o
 .debug_info    0x000036c6       0xb7 lem.o
 .debug_info    0x0000377d      0x3c3 partition.o
 .debug_info    0x00003b40      0x8cc sd_raw.o
 .debug_info    0x0000440c       0x90 splash.o
 .debug_info    0x0000449c      0x611 sram.o
 .debug_info    0x00004aad      0x6ab text.o
 .debug_info    0x00005158      0x1d7 tone.o
 .debug_info    0x0000532f      0x7bb tvout.o
 .debug_info    0x00005aea       0xb6 vm_test.o
 .debug_info    0x00005ba0       0xb7 worm.o

.debug_abbrev   0x00000000     0x1a55
 *(.debug_abbrev)
 .debug_abbrev  0x00000000       0x66 alien.o
 .debug_abbrev  0x00000066       0x66 blinky.o
 .debug_abbrev  0x000000cc       0xb5 byteordering.o
 .debug_abbrev  0x00000181       0x77 car.o
 .debug_abbrev  0x000001f8      0x2da chipcon_v2.o
 .debug_abbrev  0x000004d2      0x25b chipcon_vm.o
 .debug_abbrev  0x0000072d      0x2f3 fat.o
 .debug_abbrev  0x00000a20      0x1fb filesys.o
 .debug_abbrev  0x00000c1b      0x130 joystick.o
 .debug_abbrev  0x00000d4b       0x77 lem.o
 .debug_abbrev  0x00000dc2      0x14b partition.o
 .debug_abbrev  0x00000f0d      0x1f1 sd_raw.o
 .debug_abbrev  0x000010fe       0x5d splash.o
 .debug_abbrev  0x0000115b      0x1b0 sram.o
 .debug_abbrev  0x0000130b      0x292 text.o
 .debug_abbrev  0x0000159d      0x141 tone.o
 .debug_abbrev  0x000016de      0x2b4 tvout.o
 .debug_abbrev  0x00001992       0x5d vm_test.o
 .debug_abbrev  0x000019ef       0x66 worm.o

.debug_line     0x00000000     0x1eef
 *(.debug_line .debug_line.* .debug_line_end)
 .debug_line    0x00000000       0x9b alien.o
 .debug_line    0x0000009b       0x9c blinky.o
 .debug_line    0x00000137       0xf2 byteordering.o
 .debug_line    0x00000229       0x99 car.o
 .debug_line    0x000002c2      0x30a chipcon_v2.o
 .debug_line    0x000005cc      0x24a chipcon_vm.o
 .debug_line    0x00000816      0x4b9 fat.o
 .debug_line    0x00000ccf      0x1f2 filesys.o
 .debug_line    0x00000ec1      0x124 joystick.o
 .debug_line    0x00000fe5       0x99 lem.o
 .debug_line    0x0000107e      0x12b partition.o
 .debug_line    0x000011a9      0x2b3 sd_raw.o
 .debug_line    0x0000145c       0x9c splash.o
 .debug_line    0x000014f8      0x1e0 sram.o
 .debug_line    0x000016d8      0x244 text.o
 .debug_line    0x0000191c      0x10c tone.o
 .debug_line    0x00001a28      0x390 tvout.o
 .debug_line    0x00001db8       0x9d vm_test.o
 .debug_line    0x00001e55       0x9a worm.o

.debug_frame    0x00000000      0xe30
 *(.debug_frame)
 .debug_frame   0x00000000       0x54 byteordering.o
 .debug_frame   0x00000054      0x198 chipcon_v2.o
 .debug_frame   0x000001ec       0xa8 chipcon_vm.o
 .debug_frame   0x00000294      0x390 fat.o
 .debug_frame   0x00000624      0x10c filesys.o
 .debug_frame   0x00000730       0x64 joystick.o
 .debug_frame   0x00000794       0x74 partition.o
 .debug_frame   0x00000808      0x1bc sd_raw.o
 .debug_frame   0x000009c4       0xa4 sram.o
 .debug_frame   0x00000a68      0x140 text.o
 .debug_frame   0x00000ba8       0x64 tone.o
 .debug_frame   0x00000c0c      0x224 tvout.o

.debug_str      0x00000000      0xea5
 *(.debug_str)
 .debug_str     0x00000000      0x12a alien.o
                                0x15e (size before relaxing)
 .debug_str     0x0000012a       0x21 blinky.o
                                0x161 (size before relaxing)
 .debug_str     0x0000014b       0x44 byteordering.o
                                0x17b (size before relaxing)
 .debug_str     0x0000018f       0x14 car.o
                                0x154 (size before relaxing)
 .debug_str     0x000001a3      0x29f chipcon_v2.o
                                0x439 (size before relaxing)
 .debug_str     0x00000442      0x13d chipcon_vm.o
                                0x34f (size before relaxing)
 .debug_str     0x0000057f      0x498 fat.o
                                0x6db (size before relaxing)
 .debug_str     0x00000a17       0xa8 filesys.o
                                0x4ab (size before relaxing)
 .debug_str     0x00000abf       0x10 joystick.o
                                0x1b7 (size before relaxing)
 .debug_str     0x00000acf       0x14 lem.o
                                0x154 (size before relaxing)
 .debug_str     0x00000ae3       0x37 partition.o
                                0x2bd (size before relaxing)
 .debug_str     0x00000b1a      0x1ce sd_raw.o
                                0x37c (size before relaxing)
 .debug_str     0x00000ce8        0xe splash.o
                                0x155 (size before relaxing)
 .debug_str     0x00000cf6       0x64 sram.o
                                0x21b (size before relaxing)
 .debug_str     0x00000d5a       0x5f text.o
                                0x26f (size before relaxing)
 .debug_str     0x00000db9       0x2c tone.o
                                0x1b7 (size before relaxing)
 .debug_str     0x00000de5       0x8c tvout.o
                                0x304 (size before relaxing)
 .debug_str     0x00000e71       0x1e vm_test.o
                                0x15e (size before relaxing)
 .debug_str     0x00000e8f       0x16 worm.o
                                0x15b (size before relaxing)

.debug_loc      0x00000000     0x574a
 *(.debug_loc)
 .debug_loc     0x00000000       0x50 byteordering.o
 .debug_loc     0x00000050      0x9dd chipcon_v2.o
 .debug_loc     0x00000a2d      0x613 chipcon_vm.o
 .debug_loc     0x00001040     0x1af2 fat.o
 .debug_loc     0x00002b32      0x303 filesys.o
 .debug_loc     0x00002e35       0x21 joystick.o
 .debug_loc     0x00002e56      0x23b partition.o
 .debug_loc     0x00003091      0xc37 sd_raw.o
 .debug_loc     0x00003cc8      0x3a7 sram.o
 .debug_loc     0x0000406f      0x6ba text.o
 .debug_loc     0x00004729      0x121 tone.o
 .debug_loc     0x0000484a      0xf00 tvout.o

.debug_macinfo
 *(.debug_macinfo)

.debug_weaknames
 *(.debug_weaknames)

.debug_funcnames
 *(.debug_funcnames)

.debug_typenames
 *(.debug_typenames)

.debug_varnames
 *(.debug_varnames)

.debug_pubtypes
 *(.debug_pubtypes)

.debug_ranges   0x00000000      0x478
 *(.debug_ranges)
 .debug_ranges  0x00000000       0x28 byteordering.o
 .debug_ranges  0x00000028       0x48 chipcon_v2.o
 .debug_ranges  0x00000070       0x18 chipcon_vm.o
 .debug_ranges  0x00000088      0x150 fat.o
 .debug_ranges  0x000001d8       0x50 filesys.o
 .debug_ranges  0x00000228       0x30 joystick.o
 .debug_ranges  0x00000258       0x18 partition.o
 .debug_ranges  0x00000270       0x60 sd_raw.o
 .debug_ranges  0x000002d0       0x50 sram.o
 .debug_ranges  0x00000320       0xb8 text.o
 .debug_ranges  0x000003d8       0x28 tone.o
 .debug_ranges  0x00000400       0x78 tvout.o

.debug_macro
 *(.debug_macro)
OUTPUT(chipcon_v2.elf elf32-avr)
LOAD linker stubs
