Archive member included because of file (symbol)

c:/program files (x86)/atmel/atmel toolchain/avr8 gcc/native/3.4.1056/avr8-gnu-toolchain/bin/../lib/gcc/avr/4.8.1/avr5\libgcc.a(_mulsi3.o)
                              fat.o (__mulsi3)
c:/program files (x86)/atmel/atmel toolchain/avr8 gcc/native/3.4.1056/avr8-gnu-toolchain/bin/../lib/gcc/avr/4.8.1/avr5\libgcc.a(_udivmodhi4.o)
                              fat.o (__udivmodhi4)
c:/program files (x86)/atmel/atmel toolchain/avr8 gcc/native/3.4.1056/avr8-gnu-toolchain/bin/../lib/gcc/avr/4.8.1/avr5\libgcc.a(_udivmodsi4.o)
                              fat.o (__udivmodsi4)
c:/program files (x86)/atmel/atmel toolchain/avr8 gcc/native/3.4.1056/avr8-gnu-toolchain/bin/../lib/gcc/avr/4.8.1/avr5\libgcc.a(_divmodsi4.o)
                              tone.o (__divmodsi4)
c:/program files (x86)/atmel/atmel toolchain/avr8 gcc/native/3.4.1056/avr8-gnu-toolchain/bin/../lib/gcc/avr/4.8.1/avr5\libgcc.a(_negsi2.o)
                              c:/program files (x86)/atmel/atmel toolchain/avr8 gcc/native/3.4.1056/avr8-gnu-toolchain/bin/../lib/gcc/avr/4.8.1/avr5\libgcc.a(_divmodsi4.o) (__negsi2)
c:/program files (x86)/atmel/atmel toolchain/avr8 gcc/native/3.4.1056/avr8-gnu-toolchain/bin/../lib/gcc/avr/4.8.1/avr5\libgcc.a(_exit.o)
                              c:/program files (x86)/atmel/atmel toolchain/avr8 gcc/native/3.4.1056/avr8-gnu-toolchain/bin/../lib/gcc/avr/4.8.1/../../../../avr/lib/avr5/crtm328p.o (exit)
c:/program files (x86)/atmel/atmel toolchain/avr8 gcc/native/3.4.1056/avr8-gnu-toolchain/bin/../lib/gcc/avr/4.8.1/avr5\libgcc.a(_tablejump.o)
                              sd_raw.o (__tablejump2__)
c:/program files (x86)/atmel/atmel toolchain/avr8 gcc/native/3.4.1056/avr8-gnu-toolchain/bin/../lib/gcc/avr/4.8.1/avr5\libgcc.a(_copy_data.o)
                              chipcon_v2.o (__do_copy_data)
c:/program files (x86)/atmel/atmel toolchain/avr8 gcc/native/3.4.1056/avr8-gnu-toolchain/bin/../lib/gcc/avr/4.8.1/avr5\libgcc.a(_clear_bss.o)
                              chipcon_vm.o (__do_clear_bss)
c:/program files (x86)/atmel/atmel toolchain/avr8 gcc/native/3.4.1056/avr8-gnu-toolchain/bin/../lib/gcc/avr/4.8.1/avr5\libgcc.a(_umulhisi3.o)
                              fat.o (__umulhisi3)
c:/program files (x86)/atmel/atmel toolchain/avr8 gcc/native/3.4.1056/avr8-gnu-toolchain/bin/../lib/gcc/avr/4.8.1/avr5\libgcc.a(_muluhisi3.o)
                              fat.o (__muluhisi3)
c:/program files (x86)/atmel/atmel toolchain/avr8 gcc/native/3.4.1056/avr8-gnu-toolchain/bin/../lib/gcc/avr/4.8.1/../../../../avr/lib/avr5\libc.a(rand.o)
                              chipcon_vm.o (rand)
c:/program files (x86)/atmel/atmel toolchain/avr8 gcc/native/3.4.1056/avr8-gnu-toolchain/bin/../lib/gcc/avr/4.8.1/../../../../avr/lib/avr5\libc.a(memmove.o)
                              tvout.o (memmove)
c:/program files (x86)/atmel/atmel toolchain/avr8 gcc/native/3.4.1056/avr8-gnu-toolchain/bin/../lib/gcc/avr/4.8.1/../../../../avr/lib/avr5\libc.a(memset.o)
                              tvout.o (memset)
c:/program files (x86)/atmel/atmel toolchain/avr8 gcc/native/3.4.1056/avr8-gnu-toolchain/bin/../lib/gcc/avr/4.8.1/../../../../avr/lib/avr5\libc.a(strchr.o)
                              fat.o (strchr)
c:/program files (x86)/atmel/atmel toolchain/avr8 gcc/native/3.4.1056/avr8-gnu-toolchain/bin/../lib/gcc/avr/4.8.1/../../../../avr/lib/avr5\libc.a(strcmp.o)
                              filesys.o (strcmp)
c:/program files (x86)/atmel/atmel toolchain/avr8 gcc/native/3.4.1056/avr8-gnu-toolchain/bin/../lib/gcc/avr/4.8.1/../../../../avr/lib/avr5\libc.a(strcpy.o)
                              chipcon_v2.o (strcpy)
c:/program files (x86)/atmel/atmel toolchain/avr8 gcc/native/3.4.1056/avr8-gnu-toolchain/bin/../lib/gcc/avr/4.8.1/../../../../avr/lib/avr5\libc.a(strncmp.o)
                              fat.o (strncmp)
c:/program files (x86)/atmel/atmel toolchain/avr8 gcc/native/3.4.1056/avr8-gnu-toolchain/bin/../lib/gcc/avr/4.8.1/../../../../avr/lib/avr5\libc.a(memcpy.o)
                              c:/program files (x86)/atmel/atmel toolchain/avr8 gcc/native/3.4.1056/avr8-gnu-toolchain/bin/../lib/gcc/avr/4.8.1/../../../../avr/lib/avr5\libc.a(memmove.o) (memcpy)
c:/program files (x86)/atmel/atmel toolchain/avr8 gcc/native/3.4.1056/avr8-gnu-toolchain/bin/../lib/gcc/avr/4.8.1/avr5\libgcc.a(_mulshisi3.o)
                              c:/program files (x86)/atmel/atmel toolchain/avr8 gcc/native/3.4.1056/avr8-gnu-toolchain/bin/../lib/gcc/avr/4.8.1/../../../../avr/lib/avr5\libc.a(rand.o) (__mulohisi3)

Discarded input sections

 .bss           0x00000000        0x0 c:/program files (x86)/atmel/atmel toolchain/avr8 gcc/native/3.4.1056/avr8-gnu-toolchain/bin/../lib/gcc/avr/4.8.1/../../../../avr/lib/avr5/crtm328p.o
 .text          0x00000000        0x0 alien.o
 .bss           0x00000000        0x0 alien.o
 .progmem.data.alien_info
                0x00000000        0x1 alien.o
 .text          0x00000000        0x0 byteordering.o
 .bss           0x00000000        0x0 byteordering.o
 .text.write16  0x00000000        0x8 byteordering.o
 .text.write32  0x00000000        0xc byteordering.o
 .text          0x00000000        0x0 car.o
 .bss           0x00000000        0x0 car.o
 .progmem.data.car_info
                0x00000000        0x1 car.o
 .text          0x00000000        0x0 chipcon_v2.o
 .bss           0x00000000        0x0 chipcon_v2.o
 .text          0x00000000        0x0 chipcon_vm.o
 .bss           0x00000000        0x0 chipcon_vm.o
 .text          0x00000000        0x0 fat.o
 .bss           0x00000000        0x0 fat.o
 .text.fat_get_fs_free_16_callback
                0x00000000       0x5a fat.o
 .text.fat_seek_file
                0x00000000       0xa2 fat.o
 .text.fat_get_fs_size
                0x00000000       0x34 fat.o
 .text.fat_get_fs_free
                0x00000000      0x132 fat.o
 .text          0x00000000        0x0 filesys.o
 .bss           0x00000000        0x0 filesys.o
 .text.fs_close_dir
                0x00000000        0xe filesys.o
 .text          0x00000000        0x0 joystick.o
 .bss           0x00000000        0x0 joystick.o
 .text          0x00000000        0x0 lem.o
 .bss           0x00000000        0x0 lem.o
 .progmem.data.lem_info
                0x00000000        0x1 lem.o
 .text          0x00000000        0x0 partition.o
 .bss           0x00000000        0x0 partition.o
 .text          0x00000000        0x0 sd_raw.o
 .bss           0x00000000        0x0 sd_raw.o
 .text.sd_raw_get_info
                0x00000000      0x22a sd_raw.o
 .progmem.gcc_sw_table.sd_raw_get_info
                0x00000000       0x1e sd_raw.o
 .text          0x00000000        0x0 splash.o
 .bss           0x00000000        0x0 splash.o
 .text          0x00000000        0x0 sram.o
 .bss           0x00000000        0x0 sram.o
 .text.sram_rdmode
                0x00000000       0x26 sram.o
 .text          0x00000000        0x0 text.o
 .bss           0x00000000        0x0 text.o
 .text.get_cursor
                0x00000000       0x14 text.o
 .text.print_int
                0x00000000       0xc0 text.o
 .text.cursor_left
                0x00000000       0x52 text.o
 .text          0x00000000        0x0 tone.o
 .bss           0x00000000        0x0 tone.o
 .text          0x00000000        0x0 tvout.o
 .bss           0x00000000        0x0 tvout.o
 .text.scroll_right
                0x00000000       0xc0 tvout.o
 .text.scroll_left
                0x00000000       0x9e tvout.o
 .text          0x00000000        0x0 vm_test.o
 .bss           0x00000000        0x0 vm_test.o
 .progmem.data.test
                0x00000000       0x67 vm_test.o
 .progmem.data.test_info
                0x00000000        0x9 vm_test.o
 .text          0x00000000        0x0 worm.o
 .bss           0x00000000        0x0 worm.o
 .progmem.data.worm_info
                0x00000000        0x1 worm.o
 .text          0x00000000        0x0 c:/program files (x86)/atmel/atmel toolchain/avr8 gcc/native/3.4.1056/avr8-gnu-toolchain/bin/../lib/gcc/avr/4.8.1/avr5\libgcc.a(_mulsi3.o)
 .bss           0x00000000        0x0 c:/program files (x86)/atmel/atmel toolchain/avr8 gcc/native/3.4.1056/avr8-gnu-toolchain/bin/../lib/gcc/avr/4.8.1/avr5\libgcc.a(_mulsi3.o)
 .text.libgcc.div
                0x00000000        0x0 c:/program files (x86)/atmel/atmel toolchain/avr8 gcc/native/3.4.1056/avr8-gnu-toolchain/bin/../lib/gcc/avr/4.8.1/avr5\libgcc.a(_mulsi3.o)
 .text.libgcc   0x00000000        0x0 c:/program files (x86)/atmel/atmel toolchain/avr8 gcc/native/3.4.1056/avr8-gnu-toolchain/bin/../lib/gcc/avr/4.8.1/avr5\libgcc.a(_mulsi3.o)
 .text.libgcc.prologue
                0x00000000        0x0 c:/program files (x86)/atmel/atmel toolchain/avr8 gcc/native/3.4.1056/avr8-gnu-toolchain/bin/../lib/gcc/avr/4.8.1/avr5\libgcc.a(_mulsi3.o)
 .text.libgcc.builtins
                0x00000000        0x0 c:/program files (x86)/atmel/atmel toolchain/avr8 gcc/native/3.4.1056/avr8-gnu-toolchain/bin/../lib/gcc/avr/4.8.1/avr5\libgcc.a(_mulsi3.o)
 .text.libgcc.fmul
                0x00000000        0x0 c:/program files (x86)/atmel/atmel toolchain/avr8 gcc/native/3.4.1056/avr8-gnu-toolchain/bin/../lib/gcc/avr/4.8.1/avr5\libgcc.a(_mulsi3.o)
 .text.libgcc.fixed
                0x00000000        0x0 c:/program files (x86)/atmel/atmel toolchain/avr8 gcc/native/3.4.1056/avr8-gnu-toolchain/bin/../lib/gcc/avr/4.8.1/avr5\libgcc.a(_mulsi3.o)
 .text          0x00000000        0x0 c:/program files (x86)/atmel/atmel toolchain/avr8 gcc/native/3.4.1056/avr8-gnu-toolchain/bin/../lib/gcc/avr/4.8.1/avr5\libgcc.a(_udivmodhi4.o)
 .bss           0x00000000        0x0 c:/program files (x86)/atmel/atmel toolchain/avr8 gcc/native/3.4.1056/avr8-gnu-toolchain/bin/../lib/gcc/avr/4.8.1/avr5\libgcc.a(_udivmodhi4.o)
 .text.libgcc.mul
                0x00000000        0x0 c:/program files (x86)/atmel/atmel toolchain/avr8 gcc/native/3.4.1056/avr8-gnu-toolchain/bin/../lib/gcc/avr/4.8.1/avr5\libgcc.a(_udivmodhi4.o)
 .text.libgcc   0x00000000        0x0 c:/program files (x86)/atmel/atmel toolchain/avr8 gcc/native/3.4.1056/avr8-gnu-toolchain/bin/../lib/gcc/avr/4.8.1/avr5\libgcc.a(_udivmodhi4.o)
 .text.libgcc.prologue
                0x00000000        0x0 c:/program files (x86)/atmel/atmel toolchain/avr8 gcc/native/3.4.1056/avr8-gnu-toolchain/bin/../lib/gcc/avr/4.8.1/avr5\libgcc.a(_udivmodhi4.o)
 .text.libgcc.builtins
                0x00000000        0x0 c:/program files (x86)/atmel/atmel toolchain/avr8 gcc/native/3.4.1056/avr8-gnu-toolchain/bin/../lib/gcc/avr/4.8.1/avr5\libgcc.a(_udivmodhi4.o)
 .text.libgcc.fmul
                0x00000000        0x0 c:/program files (x86)/atmel/atmel toolchain/avr8 gcc/native/3.4.1056/avr8-gnu-toolchain/bin/../lib/gcc/avr/4.8.1/avr5\libgcc.a(_udivmodhi4.o)
 .text.libgcc.fixed
                0x00000000        0x0 c:/program files (x86)/atmel/atmel toolchain/avr8 gcc/native/3.4.1056/avr8-gnu-toolchain/bin/../lib/gcc/avr/4.8.1/avr5\libgcc.a(_udivmodhi4.o)
 .text          0x00000000        0x0 c:/program files (x86)/atmel/atmel toolchain/avr8 gcc/native/3.4.1056/avr8-gnu-toolchain/bin/../lib/gcc/avr/4.8.1/avr5\libgcc.a(_udivmodsi4.o)
 .bss           0x00000000        0x0 c:/program files (x86)/atmel/atmel toolchain/avr8 gcc/native/3.4.1056/avr8-gnu-toolchain/bin/../lib/gcc/avr/4.8.1/avr5\libgcc.a(_udivmodsi4.o)
 .text.libgcc.mul
                0x00000000        0x0 c:/program files (x86)/atmel/atmel toolchain/avr8 gcc/native/3.4.1056/avr8-gnu-toolchain/bin/../lib/gcc/avr/4.8.1/avr5\libgcc.a(_udivmodsi4.o)
 .text.libgcc   0x00000000        0x0 c:/program files (x86)/atmel/atmel toolchain/avr8 gcc/native/3.4.1056/avr8-gnu-toolchain/bin/../lib/gcc/avr/4.8.1/avr5\libgcc.a(_udivmodsi4.o)
 .text.libgcc.prologue
                0x00000000        0x0 c:/program files (x86)/atmel/atmel toolchain/avr8 gcc/native/3.4.1056/avr8-gnu-toolchain/bin/../lib/gcc/avr/4.8.1/avr5\libgcc.a(_udivmodsi4.o)
 .text.libgcc.builtins
                0x00000000        0x0 c:/program files (x86)/atmel/atmel toolchain/avr8 gcc/native/3.4.1056/avr8-gnu-toolchain/bin/../lib/gcc/avr/4.8.1/avr5\libgcc.a(_udivmodsi4.o)
 .text.libgcc.fmul
                0x00000000        0x0 c:/program files (x86)/atmel/atmel toolchain/avr8 gcc/native/3.4.1056/avr8-gnu-toolchain/bin/../lib/gcc/avr/4.8.1/avr5\libgcc.a(_udivmodsi4.o)
 .text.libgcc.fixed
                0x00000000        0x0 c:/program files (x86)/atmel/atmel toolchain/avr8 gcc/native/3.4.1056/avr8-gnu-toolchain/bin/../lib/gcc/avr/4.8.1/avr5\libgcc.a(_udivmodsi4.o)
 .text          0x00000000        0x0 c:/program files (x86)/atmel/atmel toolchain/avr8 gcc/native/3.4.1056/avr8-gnu-toolchain/bin/../lib/gcc/avr/4.8.1/avr5\libgcc.a(_divmodsi4.o)
 .bss           0x00000000        0x0 c:/program files (x86)/atmel/atmel toolchain/avr8 gcc/native/3.4.1056/avr8-gnu-toolchain/bin/../lib/gcc/avr/4.8.1/avr5\libgcc.a(_divmodsi4.o)
 .text.libgcc.mul
                0x00000000        0x0 c:/program files (x86)/atmel/atmel toolchain/avr8 gcc/native/3.4.1056/avr8-gnu-toolchain/bin/../lib/gcc/avr/4.8.1/avr5\libgcc.a(_divmodsi4.o)
 .text.libgcc   0x00000000        0x0 c:/program files (x86)/atmel/atmel toolchain/avr8 gcc/native/3.4.1056/avr8-gnu-toolchain/bin/../lib/gcc/avr/4.8.1/avr5\libgcc.a(_divmodsi4.o)
 .text.libgcc.prologue
                0x00000000        0x0 c:/program files (x86)/atmel/atmel toolchain/avr8 gcc/native/3.4.1056/avr8-gnu-toolchain/bin/../lib/gcc/avr/4.8.1/avr5\libgcc.a(_divmodsi4.o)
 .text.libgcc.builtins
                0x00000000        0x0 c:/program files (x86)/atmel/atmel toolchain/avr8 gcc/native/3.4.1056/avr8-gnu-toolchain/bin/../lib/gcc/avr/4.8.1/avr5\libgcc.a(_divmodsi4.o)
 .text.libgcc.fmul
                0x00000000        0x0 c:/program files (x86)/atmel/atmel toolchain/avr8 gcc/native/3.4.1056/avr8-gnu-toolchain/bin/../lib/gcc/avr/4.8.1/avr5\libgcc.a(_divmodsi4.o)
 .text.libgcc.fixed
                0x00000000        0x0 c:/program files (x86)/atmel/atmel toolchain/avr8 gcc/native/3.4.1056/avr8-gnu-toolchain/bin/../lib/gcc/avr/4.8.1/avr5\libgcc.a(_divmodsi4.o)
 .text          0x00000000        0x0 c:/program files (x86)/atmel/atmel toolchain/avr8 gcc/native/3.4.1056/avr8-gnu-toolchain/bin/../lib/gcc/avr/4.8.1/avr5\libgcc.a(_negsi2.o)
 .bss           0x00000000        0x0 c:/program files (x86)/atmel/atmel toolchain/avr8 gcc/native/3.4.1056/avr8-gnu-toolchain/bin/../lib/gcc/avr/4.8.1/avr5\libgcc.a(_negsi2.o)
 .text.libgcc.mul
                0x00000000        0x0 c:/program files (x86)/atmel/atmel toolchain/avr8 gcc/native/3.4.1056/avr8-gnu-toolchain/bin/../lib/gcc/avr/4.8.1/avr5\libgcc.a(_negsi2.o)
 .text.libgcc   0x00000000        0x0 c:/program files (x86)/atmel/atmel toolchain/avr8 gcc/native/3.4.1056/avr8-gnu-toolchain/bin/../lib/gcc/avr/4.8.1/avr5\libgcc.a(_negsi2.o)
 .text.libgcc.prologue
                0x00000000        0x0 c:/program files (x86)/atmel/atmel toolchain/avr8 gcc/native/3.4.1056/avr8-gnu-toolchain/bin/../lib/gcc/avr/4.8.1/avr5\libgcc.a(_negsi2.o)
 .text.libgcc.builtins
                0x00000000        0x0 c:/program files (x86)/atmel/atmel toolchain/avr8 gcc/native/3.4.1056/avr8-gnu-toolchain/bin/../lib/gcc/avr/4.8.1/avr5\libgcc.a(_negsi2.o)
 .text.libgcc.fmul
                0x00000000        0x0 c:/program files (x86)/atmel/atmel toolchain/avr8 gcc/native/3.4.1056/avr8-gnu-toolchain/bin/../lib/gcc/avr/4.8.1/avr5\libgcc.a(_negsi2.o)
 .text.libgcc.fixed
                0x00000000        0x0 c:/program files (x86)/atmel/atmel toolchain/avr8 gcc/native/3.4.1056/avr8-gnu-toolchain/bin/../lib/gcc/avr/4.8.1/avr5\libgcc.a(_negsi2.o)
 .text          0x00000000        0x0 c:/program files (x86)/atmel/atmel toolchain/avr8 gcc/native/3.4.1056/avr8-gnu-toolchain/bin/../lib/gcc/avr/4.8.1/avr5\libgcc.a(_exit.o)
 .bss           0x00000000        0x0 c:/program files (x86)/atmel/atmel toolchain/avr8 gcc/native/3.4.1056/avr8-gnu-toolchain/bin/../lib/gcc/avr/4.8.1/avr5\libgcc.a(_exit.o)
 .text.libgcc.mul
                0x00000000        0x0 c:/program files (x86)/atmel/atmel toolchain/avr8 gcc/native/3.4.1056/avr8-gnu-toolchain/bin/../lib/gcc/avr/4.8.1/avr5\libgcc.a(_exit.o)
 .text.libgcc.div
                0x00000000        0x0 c:/program files (x86)/atmel/atmel toolchain/avr8 gcc/native/3.4.1056/avr8-gnu-toolchain/bin/../lib/gcc/avr/4.8.1/avr5\libgcc.a(_exit.o)
 .text.libgcc   0x00000000        0x0 c:/program files (x86)/atmel/atmel toolchain/avr8 gcc/native/3.4.1056/avr8-gnu-toolchain/bin/../lib/gcc/avr/4.8.1/avr5\libgcc.a(_exit.o)
 .text.libgcc.prologue
                0x00000000        0x0 c:/program files (x86)/atmel/atmel toolchain/avr8 gcc/native/3.4.1056/avr8-gnu-toolchain/bin/../lib/gcc/avr/4.8.1/avr5\libgcc.a(_exit.o)
 .text.libgcc.builtins
                0x00000000        0x0 c:/program files (x86)/atmel/atmel toolchain/avr8 gcc/native/3.4.1056/avr8-gnu-toolchain/bin/../lib/gcc/avr/4.8.1/avr5\libgcc.a(_exit.o)
 .text.libgcc.fmul
                0x00000000        0x0 c:/program files (x86)/atmel/atmel toolchain/avr8 gcc/native/3.4.1056/avr8-gnu-toolchain/bin/../lib/gcc/avr/4.8.1/avr5\libgcc.a(_exit.o)
 .text.libgcc.fixed
                0x00000000        0x0 c:/program files (x86)/atmel/atmel toolchain/avr8 gcc/native/3.4.1056/avr8-gnu-toolchain/bin/../lib/gcc/avr/4.8.1/avr5\libgcc.a(_exit.o)
 .text          0x00000000        0x0 c:/program files (x86)/atmel/atmel toolchain/avr8 gcc/native/3.4.1056/avr8-gnu-toolchain/bin/../lib/gcc/avr/4.8.1/avr5\libgcc.a(_tablejump.o)
 .bss           0x00000000        0x0 c:/program files (x86)/atmel/atmel toolchain/avr8 gcc/native/3.4.1056/avr8-gnu-toolchain/bin/../lib/gcc/avr/4.8.1/avr5\libgcc.a(_tablejump.o)
 .text.libgcc.mul
                0x00000000        0x0 c:/program files (x86)/atmel/atmel toolchain/avr8 gcc/native/3.4.1056/avr8-gnu-toolchain/bin/../lib/gcc/avr/4.8.1/avr5\libgcc.a(_tablejump.o)
 .text.libgcc.div
                0x00000000        0x0 c:/program files (x86)/atmel/atmel toolchain/avr8 gcc/native/3.4.1056/avr8-gnu-toolchain/bin/../lib/gcc/avr/4.8.1/avr5\libgcc.a(_tablejump.o)
 .text.libgcc   0x00000000        0xc c:/program files (x86)/atmel/atmel toolchain/avr8 gcc/native/3.4.1056/avr8-gnu-toolchain/bin/../lib/gcc/avr/4.8.1/avr5\libgcc.a(_tablejump.o)
 .text.libgcc.prologue
                0x00000000        0x0 c:/program files (x86)/atmel/atmel toolchain/avr8 gcc/native/3.4.1056/avr8-gnu-toolchain/bin/../lib/gcc/avr/4.8.1/avr5\libgcc.a(_tablejump.o)
 .text.libgcc.builtins
                0x00000000        0x0 c:/program files (x86)/atmel/atmel toolchain/avr8 gcc/native/3.4.1056/avr8-gnu-toolchain/bin/../lib/gcc/avr/4.8.1/avr5\libgcc.a(_tablejump.o)
 .text.libgcc.fmul
                0x00000000        0x0 c:/program files (x86)/atmel/atmel toolchain/avr8 gcc/native/3.4.1056/avr8-gnu-toolchain/bin/../lib/gcc/avr/4.8.1/avr5\libgcc.a(_tablejump.o)
 .text.libgcc.fixed
                0x00000000        0x0 c:/program files (x86)/atmel/atmel toolchain/avr8 gcc/native/3.4.1056/avr8-gnu-toolchain/bin/../lib/gcc/avr/4.8.1/avr5\libgcc.a(_tablejump.o)
 .text          0x00000000        0x0 c:/program files (x86)/atmel/atmel toolchain/avr8 gcc/native/3.4.1056/avr8-gnu-toolchain/bin/../lib/gcc/avr/4.8.1/avr5\libgcc.a(_copy_data.o)
 .bss           0x00000000        0x0 c:/program files (x86)/atmel/atmel toolchain/avr8 gcc/native/3.4.1056/avr8-gnu-toolchain/bin/../lib/gcc/avr/4.8.1/avr5\libgcc.a(_copy_data.o)
 .text.libgcc.mul
                0x00000000        0x0 c:/program files (x86)/atmel/atmel toolchain/avr8 gcc/native/3.4.1056/avr8-gnu-toolchain/bin/../lib/gcc/avr/4.8.1/avr5\libgcc.a(_copy_data.o)
 .text.libgcc.div
                0x00000000        0x0 c:/program files (x86)/atmel/atmel toolchain/avr8 gcc/native/3.4.1056/avr8-gnu-toolchain/bin/../lib/gcc/avr/4.8.1/avr5\libgcc.a(_copy_data.o)
 .text.libgcc   0x00000000        0x0 c:/program files (x86)/atmel/atmel toolchain/avr8 gcc/native/3.4.1056/avr8-gnu-toolchain/bin/../lib/gcc/avr/4.8.1/avr5\libgcc.a(_copy_data.o)
 .text.libgcc.prologue
                0x00000000        0x0 c:/program files (x86)/atmel/atmel toolchain/avr8 gcc/native/3.4.1056/avr8-gnu-toolchain/bin/../lib/gcc/avr/4.8.1/avr5\libgcc.a(_copy_data.o)
 .text.libgcc.builtins
                0x00000000        0x0 c:/program files (x86)/atmel/atmel toolchain/avr8 gcc/native/3.4.1056/avr8-gnu-toolchain/bin/../lib/gcc/avr/4.8.1/avr5\libgcc.a(_copy_data.o)
 .text.libgcc.fmul
                0x00000000        0x0 c:/program files (x86)/atmel/atmel toolchain/avr8 gcc/native/3.4.1056/avr8-gnu-toolchain/bin/../lib/gcc/avr/4.8.1/avr5\libgcc.a(_copy_data.o)
 .text.libgcc.fixed
                0x00000000        0x0 c:/program files (x86)/atmel/atmel toolchain/avr8 gcc/native/3.4.1056/avr8-gnu-toolchain/bin/../lib/gcc/avr/4.8.1/avr5\libgcc.a(_copy_data.o)
 .text          0x00000000        0x0 c:/program files (x86)/atmel/atmel toolchain/avr8 gcc/native/3.4.1056/avr8-gnu-toolchain/bin/../lib/gcc/avr/4.8.1/avr5\libgcc.a(_clear_bss.o)
 .bss           0x00000000        0x0 c:/program files (x86)/atmel/atmel toolchain/avr8 gcc/native/3.4.1056/avr8-gnu-toolchain/bin/../lib/gcc/avr/4.8.1/avr5\libgcc.a(_clear_bss.o)
 .text.libgcc.mul
                0x00000000        0x0 c:/program files (x86)/atmel/atmel toolchain/avr8 gcc/native/3.4.1056/avr8-gnu-toolchain/bin/../lib/gcc/avr/4.8.1/avr5\libgcc.a(_clear_bss.o)
 .text.libgcc.div
                0x00000000        0x0 c:/program files (x86)/atmel/atmel toolchain/avr8 gcc/native/3.4.1056/avr8-gnu-toolchain/bin/../lib/gcc/avr/4.8.1/avr5\libgcc.a(_clear_bss.o)
 .text.libgcc   0x00000000        0x0 c:/program files (x86)/atmel/atmel toolchain/avr8 gcc/native/3.4.1056/avr8-gnu-toolchain/bin/../lib/gcc/avr/4.8.1/avr5\libgcc.a(_clear_bss.o)
 .text.libgcc.prologue
                0x00000000        0x0 c:/program files (x86)/atmel/atmel toolchain/avr8 gcc/native/3.4.1056/avr8-gnu-toolchain/bin/../lib/gcc/avr/4.8.1/avr5\libgcc.a(_clear_bss.o)
 .text.libgcc.builtins
                0x00000000        0x0 c:/program files (x86)/atmel/atmel toolchain/avr8 gcc/native/3.4.1056/avr8-gnu-toolchain/bin/../lib/gcc/avr/4.8.1/avr5\libgcc.a(_clear_bss.o)
 .text.libgcc.fmul
                0x00000000        0x0 c:/program files (x86)/atmel/atmel toolchain/avr8 gcc/native/3.4.1056/avr8-gnu-toolchain/bin/../lib/gcc/avr/4.8.1/avr5\libgcc.a(_clear_bss.o)
 .text.libgcc.fixed
                0x00000000        0x0 c:/program files (x86)/atmel/atmel toolchain/avr8 gcc/native/3.4.1056/avr8-gnu-toolchain/bin/../lib/gcc/avr/4.8.1/avr5\libgcc.a(_clear_bss.o)
 .text          0x00000000        0x0 c:/program files (x86)/atmel/atmel toolchain/avr8 gcc/native/3.4.1056/avr8-gnu-toolchain/bin/../lib/gcc/avr/4.8.1/avr5\libgcc.a(_umulhisi3.o)
 .bss           0x00000000        0x0 c:/program files (x86)/atmel/atmel toolchain/avr8 gcc/native/3.4.1056/avr8-gnu-toolchain/bin/../lib/gcc/avr/4.8.1/avr5\libgcc.a(_umulhisi3.o)
 .text.libgcc.div
                0x00000000        0x0 c:/program files (x86)/atmel/atmel toolchain/avr8 gcc/native/3.4.1056/avr8-gnu-toolchain/bin/../lib/gcc/avr/4.8.1/avr5\libgcc.a(_umulhisi3.o)
 .text.libgcc   0x00000000        0x0 c:/program files (x86)/atmel/atmel toolchain/avr8 gcc/native/3.4.1056/avr8-gnu-toolchain/bin/../lib/gcc/avr/4.8.1/avr5\libgcc.a(_umulhisi3.o)
 .text.libgcc.prologue
                0x00000000        0x0 c:/program files (x86)/atmel/atmel toolchain/avr8 gcc/native/3.4.1056/avr8-gnu-toolchain/bin/../lib/gcc/avr/4.8.1/avr5\libgcc.a(_umulhisi3.o)
 .text.libgcc.builtins
                0x00000000        0x0 c:/program files (x86)/atmel/atmel toolchain/avr8 gcc/native/3.4.1056/avr8-gnu-toolchain/bin/../lib/gcc/avr/4.8.1/avr5\libgcc.a(_umulhisi3.o)
 .text.libgcc.fmul
                0x00000000        0x0 c:/program files (x86)/atmel/atmel toolchain/avr8 gcc/native/3.4.1056/avr8-gnu-toolchain/bin/../lib/gcc/avr/4.8.1/avr5\libgcc.a(_umulhisi3.o)
 .text.libgcc.fixed
                0x00000000        0x0 c:/program files (x86)/atmel/atmel toolchain/avr8 gcc/native/3.4.1056/avr8-gnu-toolchain/bin/../lib/gcc/avr/4.8.1/avr5\libgcc.a(_umulhisi3.o)
 .text          0x00000000        0x0 c:/program files (x86)/atmel/atmel toolchain/avr8 gcc/native/3.4.1056/avr8-gnu-toolchain/bin/../lib/gcc/avr/4.8.1/avr5\libgcc.a(_muluhisi3.o)
 .bss           0x00000000        0x0 c:/program files (x86)/atmel/atmel toolchain/avr8 gcc/native/3.4.1056/avr8-gnu-toolchain/bin/../lib/gcc/avr/4.8.1/avr5\libgcc.a(_muluhisi3.o)
 .text.libgcc.div
                0x00000000        0x0 c:/program files (x86)/atmel/atmel toolchain/avr8 gcc/native/3.4.1056/avr8-gnu-toolchain/bin/../lib/gcc/avr/4.8.1/avr5\libgcc.a(_muluhisi3.o)
 .text.libgcc   0x00000000        0x0 c:/program files (x86)/atmel/atmel toolchain/avr8 gcc/native/3.4.1056/avr8-gnu-toolchain/bin/../lib/gcc/avr/4.8.1/avr5\libgcc.a(_muluhisi3.o)
 .text.libgcc.prologue
                0x00000000        0x0 c:/program files (x86)/atmel/atmel toolchain/avr8 gcc/native/3.4.1056/avr8-gnu-toolchain/bin/../lib/gcc/avr/4.8.1/avr5\libgcc.a(_muluhisi3.o)
 .text.libgcc.builtins
                0x00000000        0x0 c:/program files (x86)/atmel/atmel toolchain/avr8 gcc/native/3.4.1056/avr8-gnu-toolchain/bin/../lib/gcc/avr/4.8.1/avr5\libgcc.a(_muluhisi3.o)
 .text.libgcc.fmul
                0x00000000        0x0 c:/program files (x86)/atmel/atmel toolchain/avr8 gcc/native/3.4.1056/avr8-gnu-toolchain/bin/../lib/gcc/avr/4.8.1/avr5\libgcc.a(_muluhisi3.o)
 .text.libgcc.fixed
                0x00000000        0x0 c:/program files (x86)/atmel/atmel toolchain/avr8 gcc/native/3.4.1056/avr8-gnu-toolchain/bin/../lib/gcc/avr/4.8.1/avr5\libgcc.a(_muluhisi3.o)
 .text          0x00000000        0x0 c:/program files (x86)/atmel/atmel toolchain/avr8 gcc/native/3.4.1056/avr8-gnu-toolchain/bin/../lib/gcc/avr/4.8.1/../../../../avr/lib/avr5\libc.a(rand.o)
 .bss           0x00000000        0x0 c:/program files (x86)/atmel/atmel toolchain/avr8 gcc/native/3.4.1056/avr8-gnu-toolchain/bin/../lib/gcc/avr/4.8.1/../../../../avr/lib/avr5\libc.a(rand.o)
 .text          0x00000000        0x0 c:/program files (x86)/atmel/atmel toolchain/avr8 gcc/native/3.4.1056/avr8-gnu-toolchain/bin/../lib/gcc/avr/4.8.1/../../../../avr/lib/avr5\libc.a(memmove.o)
 .bss           0x00000000        0x0 c:/program files (x86)/atmel/atmel toolchain/avr8 gcc/native/3.4.1056/avr8-gnu-toolchain/bin/../lib/gcc/avr/4.8.1/../../../../avr/lib/avr5\libc.a(memmove.o)
 .text          0x00000000        0x0 c:/program files (x86)/atmel/atmel toolchain/avr8 gcc/native/3.4.1056/avr8-gnu-toolchain/bin/../lib/gcc/avr/4.8.1/../../../../avr/lib/avr5\libc.a(memset.o)
 .bss           0x00000000        0x0 c:/program files (x86)/atmel/atmel toolchain/avr8 gcc/native/3.4.1056/avr8-gnu-toolchain/bin/../lib/gcc/avr/4.8.1/../../../../avr/lib/avr5\libc.a(memset.o)
 .text          0x00000000        0x0 c:/program files (x86)/atmel/atmel toolchain/avr8 gcc/native/3.4.1056/avr8-gnu-toolchain/bin/../lib/gcc/avr/4.8.1/../../../../avr/lib/avr5\libc.a(strchr.o)
 .bss           0x00000000        0x0 c:/program files (x86)/atmel/atmel toolchain/avr8 gcc/native/3.4.1056/avr8-gnu-toolchain/bin/../lib/gcc/avr/4.8.1/../../../../avr/lib/avr5\libc.a(strchr.o)
 .text          0x00000000        0x0 c:/program files (x86)/atmel/atmel toolchain/avr8 gcc/native/3.4.1056/avr8-gnu-toolchain/bin/../lib/gcc/avr/4.8.1/../../../../avr/lib/avr5\libc.a(strcmp.o)
 .bss           0x00000000        0x0 c:/program files (x86)/atmel/atmel toolchain/avr8 gcc/native/3.4.1056/avr8-gnu-toolchain/bin/../lib/gcc/avr/4.8.1/../../../../avr/lib/avr5\libc.a(strcmp.o)
 .text          0x00000000        0x0 c:/program files (x86)/atmel/atmel toolchain/avr8 gcc/native/3.4.1056/avr8-gnu-toolchain/bin/../lib/gcc/avr/4.8.1/../../../../avr/lib/avr5\libc.a(strcpy.o)
 .bss           0x00000000        0x0 c:/program files (x86)/atmel/atmel toolchain/avr8 gcc/native/3.4.1056/avr8-gnu-toolchain/bin/../lib/gcc/avr/4.8.1/../../../../avr/lib/avr5\libc.a(strcpy.o)
 .text          0x00000000        0x0 c:/program files (x86)/atmel/atmel toolchain/avr8 gcc/native/3.4.1056/avr8-gnu-toolchain/bin/../lib/gcc/avr/4.8.1/../../../../avr/lib/avr5\libc.a(strncmp.o)
 .bss           0x00000000        0x0 c:/program files (x86)/atmel/atmel toolchain/avr8 gcc/native/3.4.1056/avr8-gnu-toolchain/bin/../lib/gcc/avr/4.8.1/../../../../avr/lib/avr5\libc.a(strncmp.o)
 .text          0x00000000        0x0 c:/program files (x86)/atmel/atmel toolchain/avr8 gcc/native/3.4.1056/avr8-gnu-toolchain/bin/../lib/gcc/avr/4.8.1/../../../../avr/lib/avr5\libc.a(memcpy.o)
 .bss           0x00000000        0x0 c:/program files (x86)/atmel/atmel toolchain/avr8 gcc/native/3.4.1056/avr8-gnu-toolchain/bin/../lib/gcc/avr/4.8.1/../../../../avr/lib/avr5\libc.a(memcpy.o)
 .text          0x00000000        0x0 c:/program files (x86)/atmel/atmel toolchain/avr8 gcc/native/3.4.1056/avr8-gnu-toolchain/bin/../lib/gcc/avr/4.8.1/avr5\libgcc.a(_mulshisi3.o)
 .bss           0x00000000        0x0 c:/program files (x86)/atmel/atmel toolchain/avr8 gcc/native/3.4.1056/avr8-gnu-toolchain/bin/../lib/gcc/avr/4.8.1/avr5\libgcc.a(_mulshisi3.o)
 .text.libgcc.div
                0x00000000        0x0 c:/program files (x86)/atmel/atmel toolchain/avr8 gcc/native/3.4.1056/avr8-gnu-toolchain/bin/../lib/gcc/avr/4.8.1/avr5\libgcc.a(_mulshisi3.o)
 .text.libgcc   0x00000000        0x0 c:/program files (x86)/atmel/atmel toolchain/avr8 gcc/native/3.4.1056/avr8-gnu-toolchain/bin/../lib/gcc/avr/4.8.1/avr5\libgcc.a(_mulshisi3.o)
 .text.libgcc.prologue
                0x00000000        0x0 c:/program files (x86)/atmel/atmel toolchain/avr8 gcc/native/3.4.1056/avr8-gnu-toolchain/bin/../lib/gcc/avr/4.8.1/avr5\libgcc.a(_mulshisi3.o)
 .text.libgcc.builtins
                0x00000000        0x0 c:/program files (x86)/atmel/atmel toolchain/avr8 gcc/native/3.4.1056/avr8-gnu-toolchain/bin/../lib/gcc/avr/4.8.1/avr5\libgcc.a(_mulshisi3.o)
 .text.libgcc.fmul
                0x00000000        0x0 c:/program files (x86)/atmel/atmel toolchain/avr8 gcc/native/3.4.1056/avr8-gnu-toolchain/bin/../lib/gcc/avr/4.8.1/avr5\libgcc.a(_mulshisi3.o)
 .text.libgcc.fixed
                0x00000000        0x0 c:/program files (x86)/atmel/atmel toolchain/avr8 gcc/native/3.4.1056/avr8-gnu-toolchain/bin/../lib/gcc/avr/4.8.1/avr5\libgcc.a(_mulshisi3.o)

Memory Configuration

Name             Origin             Length             Attributes
text             0x00000000         0x00020000         xr
data             0x00800060         0x0000ffa0         rw !x
eeprom           0x00810000         0x00010000         rw !x
fuse             0x00820000         0x00000400         rw !x
lock             0x00830000         0x00000400         rw !x
signature        0x00840000         0x00000400         rw !x
user_signatures  0x00850000         0x00000400         rw !x
*default*        0x00000000         0xffffffff

Linker script and memory map

Address of section .data set to 0x800100
LOAD c:/program files (x86)/atmel/atmel toolchain/avr8 gcc/native/3.4.1056/avr8-gnu-toolchain/bin/../lib/gcc/avr/4.8.1/../../../../avr/lib/avr5/crtm328p.o
LOAD alien.o
LOAD byteordering.o
LOAD car.o
LOAD chipcon_v2.o
LOAD chipcon_vm.o
LOAD fat.o
LOAD filesys.o
LOAD joystick.o
LOAD lem.o
LOAD partition.o
LOAD sd_raw.o
LOAD splash.o
LOAD sram.o
LOAD text.o
LOAD tone.o
LOAD tvout.o
LOAD vm_test.o
LOAD worm.o
START GROUP
LOAD c:/program files (x86)/atmel/atmel toolchain/avr8 gcc/native/3.4.1056/avr8-gnu-toolchain/bin/../lib/gcc/avr/4.8.1/../../../../avr/lib/avr5\libm.a
END GROUP
START GROUP
LOAD c:/program files (x86)/atmel/atmel toolchain/avr8 gcc/native/3.4.1056/avr8-gnu-toolchain/bin/../lib/gcc/avr/4.8.1/avr5\libgcc.a
LOAD c:/program files (x86)/atmel/atmel toolchain/avr8 gcc/native/3.4.1056/avr8-gnu-toolchain/bin/../lib/gcc/avr/4.8.1/../../../../avr/lib/avr5\libm.a
LOAD c:/program files (x86)/atmel/atmel toolchain/avr8 gcc/native/3.4.1056/avr8-gnu-toolchain/bin/../lib/gcc/avr/4.8.1/../../../../avr/lib/avr5\libc.a
END GROUP

.hash
 *(.hash)

.dynsym
 *(.dynsym)

.dynstr
 *(.dynstr)

.gnu.version
 *(.gnu.version)

.gnu.version_d
 *(.gnu.version_d)

.gnu.version_r
 *(.gnu.version_r)

.rel.init
 *(.rel.init)

.rela.init
 *(.rela.init)

.rel.text
 *(.rel.text)
 *(.rel.text.*)
 *(.rel.gnu.linkonce.t*)

.rela.text
 *(.rela.text)
 *(.rela.text.*)
 *(.rela.gnu.linkonce.t*)

.rel.fini
 *(.rel.fini)

.rela.fini
 *(.rela.fini)

.rel.rodata
 *(.rel.rodata)
 *(.rel.rodata.*)
 *(.rel.gnu.linkonce.r*)

.rela.rodata
 *(.rela.rodata)
 *(.rela.rodata.*)
 *(.rela.gnu.linkonce.r*)

.rel.data
 *(.rel.data)
 *(.rel.data.*)
 *(.rel.gnu.linkonce.d*)

.rela.data
 *(.rela.data)
 *(.rela.data.*)
 *(.rela.gnu.linkonce.d*)

.rel.ctors
 *(.rel.ctors)

.rela.ctors
 *(.rela.ctors)

.rel.dtors
 *(.rel.dtors)

.rela.dtors
 *(.rela.dtors)

.rel.got
 *(.rel.got)

.rela.got
 *(.rela.got)

.rel.bss
 *(.rel.bss)

.rela.bss
 *(.rela.bss)

.rel.plt
 *(.rel.plt)

.rela.plt
 *(.rela.plt)

.text           0x00000000     0x49ec
 *(.vectors)
 .vectors       0x00000000       0x68 c:/program files (x86)/atmel/atmel toolchain/avr8 gcc/native/3.4.1056/avr8-gnu-toolchain/bin/../lib/gcc/avr/4.8.1/../../../../avr/lib/avr5/crtm328p.o
                0x00000000                __vector_default
                0x00000000                __vectors
 *(.vectors)
 *(.progmem.gcc*)
                0x00000068                . = ALIGN (0x2)
                0x00000068                __trampolines_start = .
 *(.trampolines)
 .trampolines   0x00000068        0x0 linker stubs
 *(.trampolines*)
                0x00000068                __trampolines_end = .
 *(.progmem*)
 .progmem.data.alien
                0x00000068      0x33a alien.o
                0x00000068                alien
 .progmem.data.car
                0x000003a2      0x1ab car.o
                0x000003a2                car
 .progmem.data.__c.2477
                0x0000054d       0x12 chipcon_v2.o
 .progmem.data.__c.2458
                0x0000055f       0x13 chipcon_v2.o
 .progmem.data.__c.2429
                0x00000572       0x13 chipcon_v2.o
 .progmem.data.credits
                0x00000585       0x2e chipcon_v2.o
                0x00000585                credits
 .progmem.data.flash_games
                0x000005b3       0x14 chipcon_v2.o
                0x000005b3                flash_games
 .progmem.data.__c.2035
                0x000005c7       0x14 chipcon_vm.o
 .progmem.data.__c.2029
                0x000005db        0x7 chipcon_vm.o
 .progmem.data.__c.2027
                0x000005e2        0x5 chipcon_vm.o
 .progmem.data.__c.2025
                0x000005e7        0x3 chipcon_vm.o
 .progmem.data.__c.2023
                0x000005ea        0x4 chipcon_vm.o
 .progmem.data.__c.2077
                0x000005ee       0x15 filesys.o
 .progmem.data.__c.2065
                0x00000603       0x15 filesys.o
 .progmem.data.__c.2057
                0x00000618       0x16 filesys.o
 .progmem.data.__c.2055
                0x0000062e       0x17 filesys.o
 .progmem.data.__c.1679
                0x00000645        0xa joystick.o
 .progmem.data.lem
                0x0000064f      0x23e lem.o
                0x0000064f                lem
 .progmem.data.splash
                0x0000088d      0x400 splash.o
                0x0000088d                splash
 .progmem.data.font_6x8
                0x00000c8d      0x328 text.o
                0x00000c8d                font_6x8
 .progmem.data.font_hex_8x10
                0x00000fb5       0xa0 text.o
                0x00000fb5                font_hex_8x10
 .progmem.data.font_hex_4x6
                0x00001055       0x60 text.o
                0x00001055                font_hex_4x6
 .progmem.data.SCALE
                0x000010b5       0x20 tone.o
                0x000010b5                SCALE
 .progmem.data.worm
                0x000010d5      0x292 worm.o
                0x000010d5                worm
                0x00001368                . = ALIGN (0x2)
 *fill*         0x00001367        0x1 
 *(.jumptables)
 *(.jumptables*)
 *(.lowtext)
 *(.lowtext*)
                0x00001368                __ctors_start = .
 *(.ctors)
                0x00001368                __ctors_end = .
                0x00001368                __dtors_start = .
 *(.dtors)
                0x00001368                __dtors_end = .
 SORT(*)(.ctors)
 SORT(*)(.dtors)
 *(.init0)
 .init0         0x00001368        0x0 c:/program files (x86)/atmel/atmel toolchain/avr8 gcc/native/3.4.1056/avr8-gnu-toolchain/bin/../lib/gcc/avr/4.8.1/../../../../avr/lib/avr5/crtm328p.o
                0x00001368                __init
 *(.init0)
 *(.init1)
 *(.init1)
 *(.init2)
 .init2         0x00001368        0xc c:/program files (x86)/atmel/atmel toolchain/avr8 gcc/native/3.4.1056/avr8-gnu-toolchain/bin/../lib/gcc/avr/4.8.1/../../../../avr/lib/avr5/crtm328p.o
 *(.init2)
 *(.init3)
 *(.init3)
 *(.init4)
 .init4         0x00001374       0x16 c:/program files (x86)/atmel/atmel toolchain/avr8 gcc/native/3.4.1056/avr8-gnu-toolchain/bin/../lib/gcc/avr/4.8.1/avr5\libgcc.a(_copy_data.o)
                0x00001374                __do_copy_data
 .init4         0x0000138a       0x10 c:/program files (x86)/atmel/atmel toolchain/avr8 gcc/native/3.4.1056/avr8-gnu-toolchain/bin/../lib/gcc/avr/4.8.1/avr5\libgcc.a(_clear_bss.o)
                0x0000138a                __do_clear_bss
 *(.init4)
 *(.init5)
 *(.init5)
 *(.init6)
 *(.init6)
 *(.init7)
 *(.init7)
 *(.init8)
 *(.init8)
 *(.init9)
 .init9         0x0000139a        0x8 c:/program files (x86)/atmel/atmel toolchain/avr8 gcc/native/3.4.1056/avr8-gnu-toolchain/bin/../lib/gcc/avr/4.8.1/../../../../avr/lib/avr5/crtm328p.o
 *(.init9)
 *(.text)
 .text          0x000013a2        0x4 c:/program files (x86)/atmel/atmel toolchain/avr8 gcc/native/3.4.1056/avr8-gnu-toolchain/bin/../lib/gcc/avr/4.8.1/../../../../avr/lib/avr5/crtm328p.o
                0x000013a2                __vector_22
                0x000013a2                __vector_1
                0x000013a2                __vector_24
                0x000013a2                __bad_interrupt
                0x000013a2                __vector_6
                0x000013a2                __vector_3
                0x000013a2                __vector_23
                0x000013a2                __vector_25
                0x000013a2                __vector_11
                0x000013a2                __vector_13
                0x000013a2                __vector_17
                0x000013a2                __vector_19
                0x000013a2                __vector_7
                0x000013a2                __vector_5
                0x000013a2                __vector_4
                0x000013a2                __vector_9
                0x000013a2                __vector_2
                0x000013a2                __vector_21
                0x000013a2                __vector_15
                0x000013a2                __vector_8
                0x000013a2                __vector_14
                0x000013a2                __vector_10
                0x000013a2                __vector_16
                0x000013a2                __vector_18
                0x000013a2                __vector_20
                0x000013a6                . = ALIGN (0x2)
 *(.text.*)
 .text.read16   0x000013a6       0x10 byteordering.o
                0x000013a6                read16
 .text.read32   0x000013b6       0x24 byteordering.o
                0x000013b6                read32
 .text.load_flash_game
                0x000013da       0x3e chipcon_v2.o
                0x000013da                load_flash_game
 .text.display_page
                0x00001418       0x74 chipcon_v2.o
                0x00001418                display_page
 .text.select_file
                0x0000148c      0x1b6 chipcon_v2.o
                0x0000148c                select_file
 .text.sdc_files
                0x00001642       0xb8 chipcon_v2.o
                0x00001642                sdc_files
 .text.games_on_sdcard
                0x000016fa       0x30 chipcon_v2.o
                0x000016fa                games_on_sdcard
 .text.games_in_flash
                0x0000172a      0x18c chipcon_v2.o
                0x0000172a                games_in_flash
 .text.splash_screen
                0x000018b6       0x72 chipcon_v2.o
                0x000018b6                splash_screen
 .text.main     0x00001928       0x92 chipcon_v2.o
                0x00001928                main
 .text.print_vms
                0x000019ba       0xd4 chipcon_vm.o
                0x000019ba                print_vms
 .text.schip    0x00001a8e      0x9f4 chipcon_vm.o
                0x00001a8e                schip
 .text.fat_get_next_cluster
                0x00002482       0x9e fat.o
 .text.fat_dir_entry_read_callback
                0x00002520      0x180 fat.o
 .text.fat_open
                0x000026a0      0x344 fat.o
                0x000026a0                fat_open
 .text.fat_close
                0x000029e4        0xc fat.o
                0x000029e4                fat_close
 .text.fat_open_file
                0x000029f0       0x80 fat.o
                0x000029f0                fat_open_file
 .text.fat_close_file
                0x00002a70        0xc fat.o
                0x00002a70                fat_close_file
 .text.fat_read_file
                0x00002a7c      0x27e fat.o
                0x00002a7c                fat_read_file
 .text.fat_open_dir
                0x00002cfa       0x8a fat.o
                0x00002cfa                fat_open_dir
 .text.fat_close_dir
                0x00002d84        0xc fat.o
                0x00002d84                fat_close_dir
 .text.fat_reset_dir
                0x00002d90       0x1a fat.o
                0x00002d90                fat_reset_dir
 .text.fat_read_dir
                0x00002daa      0x204 fat.o
                0x00002daa                fat_read_dir
 .text.fat_get_dir_entry_of_path
                0x00002fae      0x154 fat.o
                0x00002fae                fat_get_dir_entry_of_path
 .text.bad_sdcard
                0x00003102       0x20 filesys.o
                0x00003102                bad_sdcard
 .text.fs_mount
                0x00003122       0x90 filesys.o
                0x00003122                fs_mount
 .text.fs_umount
                0x000031b2       0x32 filesys.o
                0x000031b2                fs_umount
 .text.fs_open_dir
                0x000031e4       0x6a filesys.o
                0x000031e4                fs_open_dir
 .text.fs_open_file
                0x0000324e       0x90 filesys.o
                0x0000324e                fs_open_file
 .text.fs_close_file
                0x000032de        0xe filesys.o
                0x000032de                fs_close_file
 .text.fs_load_file
                0x000032ec       0xa2 filesys.o
                0x000032ec                fs_load_file
 .text.fs_read_dir
                0x0000338e       0x10 filesys.o
                0x0000338e                fs_read_dir
 .text.joystick_btn_down
                0x0000339e        0xc joystick.o
                0x0000339e                joystick_btn_down
 .text.joystick_wait_any
                0x000033aa       0x10 joystick.o
                0x000033aa                joystick_wait_any
 .text.joystick_wait_release
                0x000033ba       0x1c joystick.o
                0x000033ba                joystick_wait_release
 .text.prompt_btn
                0x000033d6       0x28 joystick.o
                0x000033d6                prompt_btn
 .text.joystick_break
                0x000033fe       0x34 joystick.o
                0x000033fe                joystick_break
 .text.partition_open
                0x00003432      0x13c partition.o
                0x00003432                partition_open
 .text.partition_close
                0x0000356e       0x10 partition.o
                0x0000356e                partition_close
 .text.sd_raw_send_byte
                0x0000357e       0x10 sd_raw.o
 .text.sd_raw_rec_byte
                0x0000358e       0x14 sd_raw.o
 .text.sd_raw_send_command
                0x000035a2       0x78 sd_raw.o
 .text.sd_raw_available
                0x0000361a        0x8 sd_raw.o
                0x0000361a                sd_raw_available
 .text.sd_raw_init
                0x00003622       0xfa sd_raw.o
                0x00003622                sd_raw_init
 .text.sd_raw_read
                0x0000371c       0xf6 sd_raw.o
                0x0000371c                sd_raw_read
 .text.sd_raw_read_interval
                0x00003812      0x1fe sd_raw.o
                0x00003812                sd_raw_read_interval
 .text.sram_wrmode
                0x00003a10       0x24 sram.o
                0x00003a10                sram_wrmode
 .text.sram_clear
                0x00003a34       0x56 sram.o
                0x00003a34                sram_clear
 .text.sram_init
                0x00003a8a       0x10 sram.o
                0x00003a8a                sram_init
 .text.sram_write_byte
                0x00003a9a       0x40 sram.o
                0x00003a9a                sram_write_byte
 .text.sram_read_byte
                0x00003ada       0x42 sram.o
                0x00003ada                sram_read_byte
 .text.sram_read_word
                0x00003b1c       0x56 sram.o
                0x00003b1c                sram_read_word
 .text.sram_load_block
                0x00003b72       0x56 sram.o
                0x00003b72                sram_load_block
 .text.sram_store_block
                0x00003bc8       0x54 sram.o
                0x00003bc8                sram_store_block
 .text.select_font
                0x00003c1c        0x6 text.o
                0x00003c1c                select_font
 .text.new_line
                0x00003c22       0x74 text.o
                0x00003c22                new_line
 .text.put_char
                0x00003c96       0xe8 text.o
                0x00003c96                put_char
 .text.set_cursor
                0x00003d7e        0xa text.o
                0x00003d7e                set_cursor
 .text.print    0x00003d88       0x1e text.o
                0x00003d88                print
 .text.prt_pstr
                0x00003da6       0x24 text.o
                0x00003da6                prt_pstr
 .text.print_hex
                0x00003dca       0xb4 text.o
                0x00003dca                print_hex
 .text.text_scroller
                0x00003e7e       0xd6 text.o
                0x00003e7e                text_scroller
 .text.tone_init
                0x00003f54        0xc tone.o
                0x00003f54                tone_init
 .text.tone     0x00003f60       0x24 tone.o
                0x00003f60                tone
 .text.key_tone
                0x00003f84       0x26 tone.o
                0x00003f84                key_tone
 .text.noise    0x00003faa       0x22 tone.o
                0x00003faa                noise
 .text.tvout_init
                0x00003fcc       0x38 tvout.o
                0x00003fcc                tvout_init
 .text.plot     0x00004004       0xc2 tvout.o
                0x00004004                plot
 .text.put_sprite
                0x000040c6      0x190 tvout.o
                0x000040c6                put_sprite
 .text.put_big_sprite
                0x00004256      0x24c tvout.o
                0x00004256                put_big_sprite
 .text.cls      0x000044a2       0x1e tvout.o
                0x000044a2                cls
 .text.scroll_down
                0x000044c0       0x50 tvout.o
                0x000044c0                scroll_down
 .text.scroll_up
                0x00004510       0x66 tvout.o
                0x00004510                scroll_up
 .text.chip_scroll_right
                0x00004576       0x54 tvout.o
                0x00004576                chip_scroll_right
 .text.chip_scroll_left
                0x000045ca       0x48 tvout.o
                0x000045ca                chip_scroll_left
 .text.screen_save
                0x00004612       0x12 tvout.o
                0x00004612                screen_save
 .text.screen_restore
                0x00004624       0x12 tvout.o
                0x00004624                screen_restore
 .text.__vector_12
                0x00004636      0x152 tvout.o
                0x00004636                __vector_12
 .text.libgcc.mul
                0x00004788       0x20 c:/program files (x86)/atmel/atmel toolchain/avr8 gcc/native/3.4.1056/avr8-gnu-toolchain/bin/../lib/gcc/avr/4.8.1/avr5\libgcc.a(_mulsi3.o)
                0x00004788                __mulsi3
 .text.libgcc.div
                0x000047a8       0x28 c:/program files (x86)/atmel/atmel toolchain/avr8 gcc/native/3.4.1056/avr8-gnu-toolchain/bin/../lib/gcc/avr/4.8.1/avr5\libgcc.a(_udivmodhi4.o)
                0x000047a8                __udivmodhi4
 .text.libgcc.div
                0x000047d0       0x44 c:/program files (x86)/atmel/atmel toolchain/avr8 gcc/native/3.4.1056/avr8-gnu-toolchain/bin/../lib/gcc/avr/4.8.1/avr5\libgcc.a(_udivmodsi4.o)
                0x000047d0                __udivmodsi4
 .text.libgcc.div
                0x00004814       0x2e c:/program files (x86)/atmel/atmel toolchain/avr8 gcc/native/3.4.1056/avr8-gnu-toolchain/bin/../lib/gcc/avr/4.8.1/avr5\libgcc.a(_divmodsi4.o)
                0x00004814                __divmodsi4
 .text.libgcc.div
                0x00004842       0x10 c:/program files (x86)/atmel/atmel toolchain/avr8 gcc/native/3.4.1056/avr8-gnu-toolchain/bin/../lib/gcc/avr/4.8.1/avr5\libgcc.a(_negsi2.o)
                0x00004842                __negsi2
 .text.libgcc.mul
                0x00004852       0x1e c:/program files (x86)/atmel/atmel toolchain/avr8 gcc/native/3.4.1056/avr8-gnu-toolchain/bin/../lib/gcc/avr/4.8.1/avr5\libgcc.a(_umulhisi3.o)
                0x00004852                __umulhisi3
 .text.libgcc.mul
                0x00004870       0x16 c:/program files (x86)/atmel/atmel toolchain/avr8 gcc/native/3.4.1056/avr8-gnu-toolchain/bin/../lib/gcc/avr/4.8.1/avr5\libgcc.a(_muluhisi3.o)
                0x00004870                __muluhisi3
 .text.avr-libc
                0x00004886       0xbc c:/program files (x86)/atmel/atmel toolchain/avr8 gcc/native/3.4.1056/avr8-gnu-toolchain/bin/../lib/gcc/avr/4.8.1/../../../../avr/lib/avr5\libc.a(rand.o)
                0x0000491c                rand_r
                0x00004922                rand
                0x0000492c                srand
 .text.avr-libc
                0x00004942       0x24 c:/program files (x86)/atmel/atmel toolchain/avr8 gcc/native/3.4.1056/avr8-gnu-toolchain/bin/../lib/gcc/avr/4.8.1/../../../../avr/lib/avr5\libc.a(memmove.o)
                0x00004942                memmove
 .text.avr-libc
                0x00004966        0xe c:/program files (x86)/atmel/atmel toolchain/avr8 gcc/native/3.4.1056/avr8-gnu-toolchain/bin/../lib/gcc/avr/4.8.1/../../../../avr/lib/avr5\libc.a(memset.o)
                0x00004966                memset
 .text.avr-libc
                0x00004974       0x16 c:/program files (x86)/atmel/atmel toolchain/avr8 gcc/native/3.4.1056/avr8-gnu-toolchain/bin/../lib/gcc/avr/4.8.1/../../../../avr/lib/avr5\libc.a(strchr.o)
                0x00004974                strchr
 .text.avr-libc
                0x0000498a       0x12 c:/program files (x86)/atmel/atmel toolchain/avr8 gcc/native/3.4.1056/avr8-gnu-toolchain/bin/../lib/gcc/avr/4.8.1/../../../../avr/lib/avr5\libc.a(strcmp.o)
                0x0000498a                strcmp
 .text.avr-libc
                0x0000499c        0xe c:/program files (x86)/atmel/atmel toolchain/avr8 gcc/native/3.4.1056/avr8-gnu-toolchain/bin/../lib/gcc/avr/4.8.1/../../../../avr/lib/avr5\libc.a(strcpy.o)
                0x0000499c                strcpy
 .text.avr-libc
                0x000049aa       0x1c c:/program files (x86)/atmel/atmel toolchain/avr8 gcc/native/3.4.1056/avr8-gnu-toolchain/bin/../lib/gcc/avr/4.8.1/../../../../avr/lib/avr5\libc.a(strncmp.o)
                0x000049aa                strncmp
 .text.avr-libc
                0x000049c6       0x12 c:/program files (x86)/atmel/atmel toolchain/avr8 gcc/native/3.4.1056/avr8-gnu-toolchain/bin/../lib/gcc/avr/4.8.1/../../../../avr/lib/avr5\libc.a(memcpy.o)
                0x000049c6                memcpy
 .text.libgcc.mul
                0x000049d8       0x10 c:/program files (x86)/atmel/atmel toolchain/avr8 gcc/native/3.4.1056/avr8-gnu-toolchain/bin/../lib/gcc/avr/4.8.1/avr5\libgcc.a(_mulshisi3.o)
                0x000049d8                __mulshisi3
                0x000049de                __mulohisi3
                0x000049e8                . = ALIGN (0x2)
 *(.fini9)
 .fini9         0x000049e8        0x0 c:/program files (x86)/atmel/atmel toolchain/avr8 gcc/native/3.4.1056/avr8-gnu-toolchain/bin/../lib/gcc/avr/4.8.1/avr5\libgcc.a(_exit.o)
                0x000049e8                _exit
                0x000049e8                exit
 *(.fini9)
 *(.fini8)
 *(.fini8)
 *(.fini7)
 *(.fini7)
 *(.fini6)
 *(.fini6)
 *(.fini5)
 *(.fini5)
 *(.fini4)
 *(.fini4)
 *(.fini3)
 *(.fini3)
 *(.fini2)
 *(.fini2)
 *(.fini1)
 *(.fini1)
 *(.fini0)
 .fini0         0x000049e8        0x4 c:/program files (x86)/atmel/atmel toolchain/avr8 gcc/native/3.4.1056/avr8-gnu-toolchain/bin/../lib/gcc/avr/4.8.1/avr5\libgcc.a(_exit.o)
 *(.fini0)
                0x000049ec                _etext = .

.data           0x00800100        0x8 load address 0x000049ec
                0x00800100                PROVIDE (__data_start, .)
 *(.data)
 .data          0x00800100        0x0 c:/program files (x86)/atmel/atmel toolchain/avr8 gcc/native/3.4.1056/avr8-gnu-toolchain/bin/../lib/gcc/avr/4.8.1/../../../../avr/lib/avr5/crtm328p.o
 .data          0x00800100        0x0 alien.o
 .data          0x00800100        0x0 byteordering.o
 .data          0x00800100        0x0 car.o
 .data          0x00800100        0x0 chipcon_v2.o
 .data          0x00800100        0x0 chipcon_vm.o
 .data          0x00800100        0x0 fat.o
 .data          0x00800100        0x0 filesys.o
 .data          0x00800100        0x0 joystick.o
 .data          0x00800100        0x0 lem.o
 .data          0x00800100        0x0 partition.o
 .data          0x00800100        0x0 sd_raw.o
 .data          0x00800100        0x0 splash.o
 .data          0x00800100        0x0 sram.o
 .data          0x00800100        0x0 text.o
 .data          0x00800100        0x0 tone.o
 .data          0x00800100        0x0 tvout.o
 .data          0x00800100        0x0 vm_test.o
 .data          0x00800100        0x0 worm.o
 .data          0x00800100        0x0 c:/program files (x86)/atmel/atmel toolchain/avr8 gcc/native/3.4.1056/avr8-gnu-toolchain/bin/../lib/gcc/avr/4.8.1/avr5\libgcc.a(_mulsi3.o)
 .data          0x00800100        0x0 c:/program files (x86)/atmel/atmel toolchain/avr8 gcc/native/3.4.1056/avr8-gnu-toolchain/bin/../lib/gcc/avr/4.8.1/avr5\libgcc.a(_udivmodhi4.o)
 .data          0x00800100        0x0 c:/program files (x86)/atmel/atmel toolchain/avr8 gcc/native/3.4.1056/avr8-gnu-toolchain/bin/../lib/gcc/avr/4.8.1/avr5\libgcc.a(_udivmodsi4.o)
 .data          0x00800100        0x0 c:/program files (x86)/atmel/atmel toolchain/avr8 gcc/native/3.4.1056/avr8-gnu-toolchain/bin/../lib/gcc/avr/4.8.1/avr5\libgcc.a(_divmodsi4.o)
 .data          0x00800100        0x0 c:/program files (x86)/atmel/atmel toolchain/avr8 gcc/native/3.4.1056/avr8-gnu-toolchain/bin/../lib/gcc/avr/4.8.1/avr5\libgcc.a(_negsi2.o)
 .data          0x00800100        0x0 c:/program files (x86)/atmel/atmel toolchain/avr8 gcc/native/3.4.1056/avr8-gnu-toolchain/bin/../lib/gcc/avr/4.8.1/avr5\libgcc.a(_exit.o)
 .data          0x00800100        0x0 c:/program files (x86)/atmel/atmel toolchain/avr8 gcc/native/3.4.1056/avr8-gnu-toolchain/bin/../lib/gcc/avr/4.8.1/avr5\libgcc.a(_tablejump.o)
 .data          0x00800100        0x0 c:/program files (x86)/atmel/atmel toolchain/avr8 gcc/native/3.4.1056/avr8-gnu-toolchain/bin/../lib/gcc/avr/4.8.1/avr5\libgcc.a(_copy_data.o)
 .data          0x00800100        0x0 c:/program files (x86)/atmel/atmel toolchain/avr8 gcc/native/3.4.1056/avr8-gnu-toolchain/bin/../lib/gcc/avr/4.8.1/avr5\libgcc.a(_clear_bss.o)
 .data          0x00800100        0x0 c:/program files (x86)/atmel/atmel toolchain/avr8 gcc/native/3.4.1056/avr8-gnu-toolchain/bin/../lib/gcc/avr/4.8.1/avr5\libgcc.a(_umulhisi3.o)
 .data          0x00800100        0x0 c:/program files (x86)/atmel/atmel toolchain/avr8 gcc/native/3.4.1056/avr8-gnu-toolchain/bin/../lib/gcc/avr/4.8.1/avr5\libgcc.a(_muluhisi3.o)
 .data          0x00800100        0x4 c:/program files (x86)/atmel/atmel toolchain/avr8 gcc/native/3.4.1056/avr8-gnu-toolchain/bin/../lib/gcc/avr/4.8.1/../../../../avr/lib/avr5\libc.a(rand.o)
 .data          0x00800104        0x0 c:/program files (x86)/atmel/atmel toolchain/avr8 gcc/native/3.4.1056/avr8-gnu-toolchain/bin/../lib/gcc/avr/4.8.1/../../../../avr/lib/avr5\libc.a(memmove.o)
 .data          0x00800104        0x0 c:/program files (x86)/atmel/atmel toolchain/avr8 gcc/native/3.4.1056/avr8-gnu-toolchain/bin/../lib/gcc/avr/4.8.1/../../../../avr/lib/avr5\libc.a(memset.o)
 .data          0x00800104        0x0 c:/program files (x86)/atmel/atmel toolchain/avr8 gcc/native/3.4.1056/avr8-gnu-toolchain/bin/../lib/gcc/avr/4.8.1/../../../../avr/lib/avr5\libc.a(strchr.o)
 .data          0x00800104        0x0 c:/program files (x86)/atmel/atmel toolchain/avr8 gcc/native/3.4.1056/avr8-gnu-toolchain/bin/../lib/gcc/avr/4.8.1/../../../../avr/lib/avr5\libc.a(strcmp.o)
 .data          0x00800104        0x0 c:/program files (x86)/atmel/atmel toolchain/avr8 gcc/native/3.4.1056/avr8-gnu-toolchain/bin/../lib/gcc/avr/4.8.1/../../../../avr/lib/avr5\libc.a(strcpy.o)
 .data          0x00800104        0x0 c:/program files (x86)/atmel/atmel toolchain/avr8 gcc/native/3.4.1056/avr8-gnu-toolchain/bin/../lib/gcc/avr/4.8.1/../../../../avr/lib/avr5\libc.a(strncmp.o)
 .data          0x00800104        0x0 c:/program files (x86)/atmel/atmel toolchain/avr8 gcc/native/3.4.1056/avr8-gnu-toolchain/bin/../lib/gcc/avr/4.8.1/../../../../avr/lib/avr5\libc.a(memcpy.o)
 .data          0x00800104        0x0 c:/program files (x86)/atmel/atmel toolchain/avr8 gcc/native/3.4.1056/avr8-gnu-toolchain/bin/../lib/gcc/avr/4.8.1/avr5\libgcc.a(_mulshisi3.o)
 *(.data*)
 .data.font     0x00800104        0x1 text.o
                0x00800104                font
 *(.rodata)
 *(.rodata*)
 .rodata.str1.1
                0x00800105        0x2 chipcon_v2.o
 *(.gnu.linkonce.d*)
                0x00800108                . = ALIGN (0x2)
 *fill*         0x00800107        0x1 
                0x00800108                _edata = .
                0x00800108                PROVIDE (__data_end, .)

.bss            0x00800108      0x6be
                0x00800108                PROVIDE (__bss_start, .)
 *(.bss)
 *(.bss*)
 .bss.block     0x00800108       0x20 chipcon_vm.o
 .bss.vms       0x00800128       0x68 chipcon_vm.o
 .bss.fat_dir_handles
                0x00800190       0x93 fat.o
 .bss.fat_file_handles
                0x00800223       0x66 fat.o
 .bss.fat_fs_handles
                0x00800289       0x1c fat.o
 .bss.partition
                0x008002a5        0x2 filesys.o
 .bss.fd        0x008002a7        0x2 filesys.o
 .bss.dd        0x008002a9        0x2 filesys.o
 .bss.fs        0x008002ab        0x2 filesys.o
 .bss.partition_handles
                0x008002ad       0x11 partition.o
 .bss.sd_raw_card_type
                0x008002be        0x1 sd_raw.o
 .bss.ypos      0x008002bf        0x1 text.o
                0x008002bf                ypos
 .bss.xpos      0x008002c0        0x1 text.o
                0x008002c0                xpos
 .bss.video     0x008002c1        0x1 tvout.o
 .bss.line_count
                0x008002c2        0x2 tvout.o
 .bss.tone_length
                0x008002c4        0x1 tvout.o
                0x008002c4                tone_length
 .bss.frame_delay
                0x008002c5        0x1 tvout.o
                0x008002c5                frame_delay
 .bss.video_buffer
                0x008002c6      0x500 tvout.o
 *(COMMON)
                0x008007c6                PROVIDE (__bss_end, .)
                0x000049ec                __data_load_start = LOADADDR (.data)
                0x000049f4                __data_load_end = (__data_load_start + SIZEOF (.data))

.noinit         0x008007c6        0x0
                0x008007c6                PROVIDE (__noinit_start, .)
 *(.noinit*)
                0x008007c6                PROVIDE (__noinit_end, .)
                0x008007c6                _end = .
                0x008007c6                PROVIDE (__heap_start, .)

.eeprom         0x00810000        0x0
 *(.eeprom*)
                0x00810000                __eeprom_end = .

.fuse
 *(.fuse)
 *(.lfuse)
 *(.hfuse)
 *(.efuse)

.lock
 *(.lock*)

.signature
 *(.signature*)

.user_signatures
 *(.user_signatures*)

.stab
 *(.stab)

.stabstr
 *(.stabstr)

.stab.excl
 *(.stab.excl)

.stab.exclstr
 *(.stab.exclstr)

.stab.index
 *(.stab.index)

.stab.indexstr
 *(.stab.indexstr)

.comment        0x00000000       0x30
 *(.comment)
 .comment       0x00000000       0x30 alien.o
                                 0x31 (size before relaxing)
 .comment       0x00000000       0x31 byteordering.o
 .comment       0x00000000       0x31 car.o
 .comment       0x00000000       0x31 chipcon_v2.o
 .comment       0x00000000       0x31 chipcon_vm.o
 .comment       0x00000000       0x31 fat.o
 .comment       0x00000000       0x31 filesys.o
 .comment       0x00000000       0x31 joystick.o
 .comment       0x00000000       0x31 lem.o
 .comment       0x00000000       0x31 partition.o
 .comment       0x00000000       0x31 sd_raw.o
 .comment       0x00000000       0x31 splash.o
 .comment       0x00000000       0x31 sram.o
 .comment       0x00000000       0x31 text.o
 .comment       0x00000000       0x31 tone.o
 .comment       0x00000000       0x31 tvout.o
 .comment       0x00000000       0x31 vm_test.o
 .comment       0x00000000       0x31 worm.o
 .comment       0x00000000       0x31 c:/program files (x86)/atmel/atmel toolchain/avr8 gcc/native/3.4.1056/avr8-gnu-toolchain/bin/../lib/gcc/avr/4.8.1/../../../../avr/lib/avr5\libc.a(rand.o)

.note.gnu.build-id
 *(.note.gnu.build-id)

.debug
 *(.debug)

.line
 *(.line)

.debug_srcinfo
 *(.debug_srcinfo)

.debug_sfnames
 *(.debug_sfnames)

.debug_aranges  0x00000000      0x490
 *(.debug_aranges)
 .debug_aranges
                0x00000000       0x18 alien.o
 .debug_aranges
                0x00000018       0x38 byteordering.o
 .debug_aranges
                0x00000050       0x18 car.o
 .debug_aranges
                0x00000068       0x58 chipcon_v2.o
 .debug_aranges
                0x000000c0       0x28 chipcon_vm.o
 .debug_aranges
                0x000000e8       0x98 fat.o
 .debug_aranges
                0x00000180       0x60 filesys.o
 .debug_aranges
                0x000001e0       0x40 joystick.o
 .debug_aranges
                0x00000220       0x18 lem.o
 .debug_aranges
                0x00000238       0x28 partition.o
 .debug_aranges
                0x00000260       0x58 sd_raw.o
 .debug_aranges
                0x000002b8       0x18 splash.o
 .debug_aranges
                0x000002d0       0x60 sram.o
 .debug_aranges
                0x00000330       0x70 text.o
 .debug_aranges
                0x000003a0       0x38 tone.o
 .debug_aranges
                0x000003d8       0x88 tvout.o
 .debug_aranges
                0x00000460       0x18 vm_test.o
 .debug_aranges
                0x00000478       0x18 worm.o

.debug_pubnames
 *(.debug_pubnames)

.debug_info     0x00000000     0x5b67
 *(.debug_info .gnu.linkonce.wi.*)
 .debug_info    0x00000000       0xb7 alien.o
 .debug_info    0x000000b7      0x164 byteordering.o
 .debug_info    0x0000021b       0xb7 car.o
 .debug_info    0x000002d2      0xd4a chipcon_v2.o
 .debug_info    0x0000101c      0x8f7 chipcon_vm.o
 .debug_info    0x00001913     0x1138 fat.o
 .debug_info    0x00002a4b      0x9a5 filesys.o
 .debug_info    0x000033f0      0x1e6 joystick.o
 .debug_info    0x000035d6       0xb7 lem.o
 .debug_info    0x0000368d      0x3c3 partition.o
 .debug_info    0x00003a50      0x8cc sd_raw.o
 .debug_info    0x0000431c       0x90 splash.o
 .debug_info    0x000043ac      0x611 sram.o
 .debug_info    0x000049bd      0x6ab text.o
 .debug_info    0x00005068      0x1d7 tone.o
 .debug_info    0x0000523f      0x7bb tvout.o
 .debug_info    0x000059fa       0xb6 vm_test.o
 .debug_info    0x00005ab0       0xb7 worm.o

.debug_abbrev   0x00000000     0x19ef
 *(.debug_abbrev)
 .debug_abbrev  0x00000000       0x66 alien.o
 .debug_abbrev  0x00000066       0xb5 byteordering.o
 .debug_abbrev  0x0000011b       0x77 car.o
 .debug_abbrev  0x00000192      0x2da chipcon_v2.o
 .debug_abbrev  0x0000046c      0x25b chipcon_vm.o
 .debug_abbrev  0x000006c7      0x2f3 fat.o
 .debug_abbrev  0x000009ba      0x1fb filesys.o
 .debug_abbrev  0x00000bb5      0x130 joystick.o
 .debug_abbrev  0x00000ce5       0x77 lem.o
 .debug_abbrev  0x00000d5c      0x14b partition.o
 .debug_abbrev  0x00000ea7      0x1f1 sd_raw.o
 .debug_abbrev  0x00001098       0x5d splash.o
 .debug_abbrev  0x000010f5      0x1b0 sram.o
 .debug_abbrev  0x000012a5      0x292 text.o
 .debug_abbrev  0x00001537      0x141 tone.o
 .debug_abbrev  0x00001678      0x2b4 tvout.o
 .debug_abbrev  0x0000192c       0x5d vm_test.o
 .debug_abbrev  0x00001989       0x66 worm.o

.debug_line     0x00000000     0x1e3f
 *(.debug_line .debug_line.* .debug_line_end)
 .debug_line    0x00000000       0x9b alien.o
 .debug_line    0x0000009b       0xf2 byteordering.o
 .debug_line    0x0000018d       0x99 car.o
 .debug_line    0x00000226      0x2f8 chipcon_v2.o
 .debug_line    0x0000051e      0x24a chipcon_vm.o
 .debug_line    0x00000768      0x4b9 fat.o
 .debug_line    0x00000c21      0x1f2 filesys.o
 .debug_line    0x00000e13      0x124 joystick.o
 .debug_line    0x00000f37       0x99 lem.o
 .debug_line    0x00000fd0      0x12b partition.o
 .debug_line    0x000010fb      0x2b3 sd_raw.o
 .debug_line    0x000013ae       0x9c splash.o
 .debug_line    0x0000144a      0x1e0 sram.o
 .debug_line    0x0000162a      0x244 text.o
 .debug_line    0x0000186e      0x10a tone.o
 .debug_line    0x00001978      0x390 tvout.o
 .debug_line    0x00001d08       0x9d vm_test.o
 .debug_line    0x00001da5       0x9a worm.o

.debug_frame    0x00000000      0xe30
 *(.debug_frame)
 .debug_frame   0x00000000       0x54 byteordering.o
 .debug_frame   0x00000054      0x198 chipcon_v2.o
 .debug_frame   0x000001ec       0xa8 chipcon_vm.o
 .debug_frame   0x00000294      0x390 fat.o
 .debug_frame   0x00000624      0x10c filesys.o
 .debug_frame   0x00000730       0x64 joystick.o
 .debug_frame   0x00000794       0x74 partition.o
 .debug_frame   0x00000808      0x1bc sd_raw.o
 .debug_frame   0x000009c4       0xa4 sram.o
 .debug_frame   0x00000a68      0x140 text.o
 .debug_frame   0x00000ba8       0x64 tone.o
 .debug_frame   0x00000c0c      0x224 tvout.o

.debug_str      0x00000000      0xe83
 *(.debug_str)
 .debug_str     0x00000000      0x12a alien.o
                                0x15e (size before relaxing)
 .debug_str     0x0000012a       0x44 byteordering.o
                                0x17b (size before relaxing)
 .debug_str     0x0000016e       0x14 car.o
                                0x154 (size before relaxing)
 .debug_str     0x00000182      0x29e chipcon_v2.o
                                0x431 (size before relaxing)
 .debug_str     0x00000420      0x13d chipcon_vm.o
                                0x34e (size before relaxing)
 .debug_str     0x0000055d      0x498 fat.o
                                0x6db (size before relaxing)
 .debug_str     0x000009f5       0xa8 filesys.o
                                0x4ab (size before relaxing)
 .debug_str     0x00000a9d       0x10 joystick.o
                                0x1b7 (size before relaxing)
 .debug_str     0x00000aad       0x14 lem.o
                                0x154 (size before relaxing)
 .debug_str     0x00000ac1       0x37 partition.o
                                0x2bd (size before relaxing)
 .debug_str     0x00000af8      0x1ce sd_raw.o
                                0x37c (size before relaxing)
 .debug_str     0x00000cc6        0xe splash.o
                                0x155 (size before relaxing)
 .debug_str     0x00000cd4       0x64 sram.o
                                0x21b (size before relaxing)
 .debug_str     0x00000d38       0x5f text.o
                                0x26f (size before relaxing)
 .debug_str     0x00000d97       0x2c tone.o
                                0x1b7 (size before relaxing)
 .debug_str     0x00000dc3       0x8c tvout.o
                                0x304 (size before relaxing)
 .debug_str     0x00000e4f       0x1e vm_test.o
                                0x15e (size before relaxing)
 .debug_str     0x00000e6d       0x16 worm.o
                                0x15b (size before relaxing)

.debug_loc      0x00000000     0x572a
 *(.debug_loc)
 .debug_loc     0x00000000       0x50 byteordering.o
 .debug_loc     0x00000050      0x9bd chipcon_v2.o
 .debug_loc     0x00000a0d      0x613 chipcon_vm.o
 .debug_loc     0x00001020     0x1af2 fat.o
 .debug_loc     0x00002b12      0x303 filesys.o
 .debug_loc     0x00002e15       0x21 joystick.o
 .debug_loc     0x00002e36      0x23b partition.o
 .debug_loc     0x00003071      0xc37 sd_raw.o
 .debug_loc     0x00003ca8      0x3a7 sram.o
 .debug_loc     0x0000404f      0x6ba text.o
 .debug_loc     0x00004709      0x121 tone.o
 .debug_loc     0x0000482a      0xf00 tvout.o

.debug_macinfo
 *(.debug_macinfo)

.debug_weaknames
 *(.debug_weaknames)

.debug_funcnames
 *(.debug_funcnames)

.debug_typenames
 *(.debug_typenames)

.debug_varnames
 *(.debug_varnames)

.debug_pubtypes
 *(.debug_pubtypes)

.debug_ranges   0x00000000      0x478
 *(.debug_ranges)
 .debug_ranges  0x00000000       0x28 byteordering.o
 .debug_ranges  0x00000028       0x48 chipcon_v2.o
 .debug_ranges  0x00000070       0x18 chipcon_vm.o
 .debug_ranges  0x00000088      0x150 fat.o
 .debug_ranges  0x000001d8       0x50 filesys.o
 .debug_ranges  0x00000228       0x30 joystick.o
 .debug_ranges  0x00000258       0x18 partition.o
 .debug_ranges  0x00000270       0x60 sd_raw.o
 .debug_ranges  0x000002d0       0x50 sram.o
 .debug_ranges  0x00000320       0xb8 text.o
 .debug_ranges  0x000003d8       0x28 tone.o
 .debug_ranges  0x00000400       0x78 tvout.o

.debug_macro
 *(.debug_macro)
OUTPUT(chipcon_v2.elf elf32-avr)
LOAD linker stubs
